Component: Arm Compiler for Embedded 6.24 Tool: armlink [5f371500]

==============================================================================

Section Cross References

    startup_stm32f042x6.o(STACK) refers (Special) to heapauxi.o(.text) for __use_two_region_memory
    startup_stm32f042x6.o(HEAP) refers (Special) to heapauxi.o(.text) for __use_two_region_memory
    startup_stm32f042x6.o(RESET) refers (Special) to heapauxi.o(.text) for __use_two_region_memory
    startup_stm32f042x6.o(RESET) refers to startup_stm32f042x6.o(STACK) for __initial_sp
    startup_stm32f042x6.o(RESET) refers to startup_stm32f042x6.o(.text) for Reset_Handler
    startup_stm32f042x6.o(RESET) refers to stm32f0xx_it.o(.text.NMI_Handler) for NMI_Handler
    startup_stm32f042x6.o(RESET) refers to stm32f0xx_it.o(.text.HardFault_Handler) for HardFault_Handler
    startup_stm32f042x6.o(RESET) refers to stm32f0xx_it.o(.text.SVC_Handler) for SVC_Handler
    startup_stm32f042x6.o(RESET) refers to stm32f0xx_it.o(.text.PendSV_Handler) for PendSV_Handler
    startup_stm32f042x6.o(RESET) refers to stm32f0xx_it.o(.text.SysTick_Handler) for SysTick_Handler
    startup_stm32f042x6.o(RESET) refers to stm32f0xx_it.o(.text.DMA1_Channel2_3_IRQHandler) for DMA1_Channel2_3_IRQHandler
    startup_stm32f042x6.o(.text) refers (Special) to heapauxi.o(.text) for __use_two_region_memory
    startup_stm32f042x6.o(.text) refers to startup_stm32f042x6.o(STACK) for __initial_sp
    startup_stm32f042x6.o(.text) refers to system_stm32f0xx.o(.text.SystemInit) for SystemInit
    startup_stm32f042x6.o(.text) refers to __main.o(!!!main) for __main
    startup_stm32f042x6.o(.text) refers to startup_stm32f042x6.o(HEAP) for Heap_Mem
    system_stm32f0xx.o(.ARM.exidx.text.SystemInit) refers to system_stm32f0xx.o(.text.SystemInit) for [Anonymous Symbol]
    system_stm32f0xx.o(.text.SystemCoreClockUpdate) refers to aeabi_sdivfast.o(.text_divfast) for __aeabi_uidiv
    system_stm32f0xx.o(.text.SystemCoreClockUpdate) refers to system_stm32f0xx.o(.data.SystemCoreClock) for SystemCoreClock
    system_stm32f0xx.o(.text.SystemCoreClockUpdate) refers to system_stm32f0xx.o(.rodata.AHBPrescTable) for AHBPrescTable
    system_stm32f0xx.o(.ARM.exidx.text.SystemCoreClockUpdate) refers to system_stm32f0xx.o(.text.SystemCoreClockUpdate) for [Anonymous Symbol]
    helpers.o(.text.set_pwm) refers to main.o(.bss.htim3) for htim3
    helpers.o(.text.set_pwm) refers to main.o(.bss.htim14) for htim14
    helpers.o(.text.set_pwm) refers to main.o(.bss.htim16) for htim16
    helpers.o(.text.set_pwm) refers to main.o(.bss.htim2) for htim2
    helpers.o(.text.set_pwm) refers to main.o(.bss.htim17) for htim17
    helpers.o(.text.set_pwm) refers to main.o(.bss.htim1) for htim1
    helpers.o(.ARM.exidx.text.set_pwm) refers to helpers.o(.text.set_pwm) for [Anonymous Symbol]
    helpers.o(.text.timer_init) refers to helpers.o(.text.set_pwm) for set_pwm
    helpers.o(.text.timer_init) refers to stm32f0xx_hal_tim.o(.text.HAL_TIM_Base_Start) for HAL_TIM_Base_Start
    helpers.o(.text.timer_init) refers to stm32f0xx_hal_tim.o(.text.HAL_TIM_PWM_Init) for HAL_TIM_PWM_Init
    helpers.o(.text.timer_init) refers to stm32f0xx_hal_tim.o(.text.HAL_TIM_PWM_Start) for HAL_TIM_PWM_Start
    helpers.o(.text.timer_init) refers to stm32f0xx_hal_tim_ex.o(.text.HAL_TIMEx_PWMN_Start) for HAL_TIMEx_PWMN_Start
    helpers.o(.text.timer_init) refers to main.o(.bss.htim1) for htim1
    helpers.o(.text.timer_init) refers to main.o(.bss.htim2) for htim2
    helpers.o(.text.timer_init) refers to main.o(.bss.htim3) for htim3
    helpers.o(.text.timer_init) refers to main.o(.bss.htim14) for htim14
    helpers.o(.text.timer_init) refers to main.o(.bss.htim16) for htim16
    helpers.o(.text.timer_init) refers to main.o(.bss.htim17) for htim17
    helpers.o(.ARM.exidx.text.timer_init) refers to helpers.o(.text.timer_init) for [Anonymous Symbol]
    main.o(.text.fputc) refers to stm32f0xx_hal_uart.o(.text.HAL_UART_Transmit) for HAL_UART_Transmit
    main.o(.text.fputc) refers to main.o(.bss.huart1) for huart1
    main.o(.ARM.exidx.text.fputc) refers to main.o(.text.fputc) for [Anonymous Symbol]
    main.o(.text.main) refers to stm32f0xx_hal.o(.text.HAL_Init) for HAL_Init
    main.o(.text.main) refers to main.o(.text.SystemClock_Config) for SystemClock_Config
    main.o(.text.main) refers to stm32f0xx_hal_gpio.o(.text.HAL_GPIO_WritePin) for HAL_GPIO_WritePin
    main.o(.text.main) refers to stm32f0xx_hal_gpio.o(.text.HAL_GPIO_Init) for HAL_GPIO_Init
    main.o(.text.main) refers to stm32f0xx_hal_cortex.o(.text.HAL_NVIC_SetPriority) for HAL_NVIC_SetPriority
    main.o(.text.main) refers to stm32f0xx_hal_cortex.o(.text.HAL_NVIC_EnableIRQ) for HAL_NVIC_EnableIRQ
    main.o(.text.main) refers to stm32f0xx_hal_iwdg.o(.text.HAL_IWDG_Init) for HAL_IWDG_Init
    main.o(.text.main) refers to stm32f0xx_hal_spi.o(.text.HAL_SPI_Init) for HAL_SPI_Init
[...]
    Removing stm32f0xx_hal_uart.o(.text.HAL_UART_AbortTransmitCpltCallback), (2 bytes).
    Removing stm32f0xx_hal_uart.o(.ARM.exidx.text.HAL_UART_AbortTransmitCpltCallback), (8 bytes).
    Removing stm32f0xx_hal_uart.o(.text.HAL_UART_AbortReceive_IT), (196 bytes).
    Removing stm32f0xx_hal_uart.o(.ARM.exidx.text.HAL_UART_AbortReceive_IT), (8 bytes).
    Removing stm32f0xx_hal_uart.o(.text.UART_DMARxOnlyAbortCallback), (38 bytes).
    Removing stm32f0xx_hal_uart.o(.ARM.exidx.text.UART_DMARxOnlyAbortCallback), (8 bytes).
    Removing stm32f0xx_hal_uart.o(.text.HAL_UART_AbortReceiveCpltCallback), (2 bytes).
    Removing stm32f0xx_hal_uart.o(.ARM.exidx.text.HAL_UART_AbortReceiveCpltCallback), (8 bytes).
    Removing stm32f0xx_hal_uart.o(.text.HAL_UART_IRQHandler), (928 bytes).
    Removing stm32f0xx_hal_uart.o(.ARM.exidx.text.HAL_UART_IRQHandler), (8 bytes).
    Removing stm32f0xx_hal_uart.o(.text.UART_DMAAbortOnError), (22 bytes).
    Removing stm32f0xx_hal_uart.o(.ARM.exidx.text.UART_DMAAbortOnError), (8 bytes).
    Removing stm32f0xx_hal_uart.o(.text.HAL_UART_ErrorCallback), (2 bytes).
    Removing stm32f0xx_hal_uart.o(.ARM.exidx.text.HAL_UART_ErrorCallback), (8 bytes).
    Removing stm32f0xx_hal_uart.o(.text.HAL_UARTEx_RxEventCallback), (2 bytes).
    Removing stm32f0xx_hal_uart.o(.ARM.exidx.text.HAL_UARTEx_RxEventCallback), (8 bytes).
    Removing stm32f0xx_hal_uart.o(.text.HAL_UART_TxCpltCallback), (2 bytes).
    Removing stm32f0xx_hal_uart.o(.ARM.exidx.text.HAL_UART_TxCpltCallback), (8 bytes).
    Removing stm32f0xx_hal_uart.o(.text.HAL_UART_TxHalfCpltCallback), (2 bytes).
    Removing stm32f0xx_hal_uart.o(.ARM.exidx.text.HAL_UART_TxHalfCpltCallback), (8 bytes).
    Removing stm32f0xx_hal_uart.o(.text.HAL_UART_RxCpltCallback), (2 bytes).
    Removing stm32f0xx_hal_uart.o(.ARM.exidx.text.HAL_UART_RxCpltCallback), (8 bytes).
    Removing stm32f0xx_hal_uart.o(.text.HAL_UART_RxHalfCpltCallback), (2 bytes).
    Removing stm32f0xx_hal_uart.o(.ARM.exidx.text.HAL_UART_RxHalfCpltCallback), (8 bytes).
    Removing stm32f0xx_hal_uart.o(.text.HAL_UART_ReceiverTimeout_Config), (16 bytes).
    Removing stm32f0xx_hal_uart.o(.ARM.exidx.text.HAL_UART_ReceiverTimeout_Config), (8 bytes).
    Removing stm32f0xx_hal_uart.o(.text.HAL_UART_EnableReceiverTimeout), (50 bytes).
    Removing stm32f0xx_hal_uart.o(.ARM.exidx.text.HAL_UART_EnableReceiverTimeout), (8 bytes).
    Removing stm32f0xx_hal_uart.o(.text.HAL_UART_DisableReceiverTimeout), (50 bytes).
    Removing stm32f0xx_hal_uart.o(.ARM.exidx.text.HAL_UART_DisableReceiverTimeout), (8 bytes).
    Removing stm32f0xx_hal_uart.o(.text.HAL_MultiProcessor_EnableMuteMode), (58 bytes).
    Removing stm32f0xx_hal_uart.o(.ARM.exidx.text.HAL_MultiProcessor_EnableMuteMode), (8 bytes).
    Removing stm32f0xx_hal_uart.o(.text.HAL_MultiProcessor_DisableMuteMode), (58 bytes).
    Removing stm32f0xx_hal_uart.o(.ARM.exidx.text.HAL_MultiProcessor_DisableMuteMode), (8 bytes).
    Removing stm32f0xx_hal_uart.o(.text.HAL_MultiProcessor_EnterMuteMode), (12 bytes).
    Removing stm32f0xx_hal_uart.o(.ARM.exidx.text.HAL_MultiProcessor_EnterMuteMode), (8 bytes).
    Removing stm32f0xx_hal_uart.o(.text.HAL_HalfDuplex_EnableTransmitter), (82 bytes).
    Removing stm32f0xx_hal_uart.o(.ARM.exidx.text.HAL_HalfDuplex_EnableTransmitter), (8 bytes).
    Removing stm32f0xx_hal_uart.o(.text.HAL_HalfDuplex_EnableReceiver), (82 bytes).
    Removing stm32f0xx_hal_uart.o(.ARM.exidx.text.HAL_HalfDuplex_EnableReceiver), (8 bytes).
    Removing stm32f0xx_hal_uart.o(.text.HAL_LIN_SendBreak), (44 bytes).
    Removing stm32f0xx_hal_uart.o(.ARM.exidx.text.HAL_LIN_SendBreak), (8 bytes).
    Removing stm32f0xx_hal_uart.o(.text.HAL_UART_GetState), (10 bytes).
    Removing stm32f0xx_hal_uart.o(.ARM.exidx.text.HAL_UART_GetState), (8 bytes).
    Removing stm32f0xx_hal_uart.o(.text.HAL_UART_GetError), (6 bytes).
    Removing stm32f0xx_hal_uart.o(.ARM.exidx.text.HAL_UART_GetError), (8 bytes).
    Removing stm32f0xx_hal_uart.o(.text.UART_RxISR_16BIT), (208 bytes).
    Removing stm32f0xx_hal_uart.o(.ARM.exidx.text.UART_RxISR_16BIT), (8 bytes).
    Removing stm32f0xx_hal_uart.o(.text.UART_RxISR_8BIT), (210 bytes).
    Removing stm32f0xx_hal_uart.o(.ARM.exidx.text.UART_RxISR_8BIT), (8 bytes).
    Removing stm32f0xx_hal_uart.o(.text.UART_DMAReceiveCplt), (152 bytes).
    Removing stm32f0xx_hal_uart.o(.ARM.exidx.text.UART_DMAReceiveCplt), (8 bytes).
    Removing stm32f0xx_hal_uart.o(.text.UART_DMARxHalfCplt), (32 bytes).
    Removing stm32f0xx_hal_uart.o(.ARM.exidx.text.UART_DMARxHalfCplt), (8 bytes).
    Removing stm32f0xx_hal_uart_ex.o(.text), (0 bytes).
    Removing stm32f0xx_hal_uart_ex.o(.text.HAL_RS485Ex_Init), (140 bytes).
    Removing stm32f0xx_hal_uart_ex.o(.ARM.exidx.text.HAL_RS485Ex_Init), (8 bytes).
    Removing stm32f0xx_hal_uart_ex.o(.text.HAL_UARTEx_WakeupCallback), (2 bytes).
    Removing stm32f0xx_hal_uart_ex.o(.ARM.exidx.text.HAL_UARTEx_WakeupCallback), (8 bytes).
    Removing stm32f0xx_hal_uart_ex.o(.text.HAL_MultiProcessorEx_AddressLength_Set), (46 bytes).
    Removing stm32f0xx_hal_uart_ex.o(.ARM.exidx.text.HAL_MultiProcessorEx_AddressLength_Set), (8 bytes).
    Removing stm32f0xx_hal_uart_ex.o(.text.HAL_UARTEx_StopModeWakeUpSourceConfig), (136 bytes).
    Removing stm32f0xx_hal_uart_ex.o(.ARM.exidx.text.HAL_UARTEx_StopModeWakeUpSourceConfig), (8 bytes).
    Removing stm32f0xx_hal_uart_ex.o(.text.HAL_UARTEx_EnableStopMode), (50 bytes).
    Removing stm32f0xx_hal_uart_ex.o(.ARM.exidx.text.HAL_UARTEx_EnableStopMode), (8 bytes).
    Removing stm32f0xx_hal_uart_ex.o(.text.HAL_UARTEx_DisableStopMode), (50 bytes).
    Removing stm32f0xx_hal_uart_ex.o(.ARM.exidx.text.HAL_UARTEx_DisableStopMode), (8 bytes).
    Removing stm32f0xx_hal_uart_ex.o(.text.HAL_UARTEx_ReceiveToIdle), (348 bytes).
    Removing stm32f0xx_hal_uart_ex.o(.ARM.exidx.text.HAL_UARTEx_ReceiveToIdle), (8 bytes).
    Removing stm32f0xx_hal_uart_ex.o(.text.HAL_UARTEx_ReceiveToIdle_IT), (104 bytes).
    Removing stm32f0xx_hal_uart_ex.o(.ARM.exidx.text.HAL_UARTEx_ReceiveToIdle_IT), (8 bytes).
    Removing stm32f0xx_hal_uart_ex.o(.text.HAL_UARTEx_ReceiveToIdle_DMA), (110 bytes).
    Removing stm32f0xx_hal_uart_ex.o(.ARM.exidx.text.HAL_UARTEx_ReceiveToIdle_DMA), (8 bytes).
    Removing stm32f0xx_hal_uart_ex.o(.text.HAL_UARTEx_GetRxEventType), (4 bytes).
    Removing stm32f0xx_hal_uart_ex.o(.ARM.exidx.text.HAL_UARTEx_GetRxEventType), (8 bytes).

979 unused section(s) (total 54806 bytes) removed from the image.

==============================================================================

Image Symbol Table

    Local Symbols

    Symbol Name                              Value     Ov Type        Size  Object(Section)

    ../clib/angel/boardlib.s                 0x00000000   Number         0  boardinit1.o ABSOLUTE
    ../clib/angel/boardlib.s                 0x00000000   Number         0  boardinit2.o ABSOLUTE
    ../clib/angel/boardlib.s                 0x00000000   Number         0  boardinit3.o ABSOLUTE
    ../clib/angel/boardlib.s                 0x00000000   Number         0  boardshut.o ABSOLUTE
    ../clib/angel/handlers.s                 0x00000000   Number         0  __scatter_copy.o ABSOLUTE
    ../clib/angel/handlers.s                 0x00000000   Number         0  __scatter_zi.o ABSOLUTE
    ../clib/angel/kernel.s                   0x00000000   Number         0  __rtentry.o ABSOLUTE
    ../clib/angel/kernel.s                   0x00000000   Number         0  __rtentry2.o ABSOLUTE
    ../clib/angel/kernel.s                   0x00000000   Number         0  __rtentry4.o ABSOLUTE
    ../clib/angel/kernel.s                   0x00000000   Number         0  rtexit.o ABSOLUTE
    ../clib/angel/kernel.s                   0x00000000   Number         0  rtexit2.o ABSOLUTE
    ../clib/angel/rt.s                       0x00000000   Number         0  aeabi_idiv0.o ABSOLUTE
    ../clib/angel/rt.s                       0x00000000   Number         0  aeabi_idiv0_sigfpe.o ABSOLUTE
    ../clib/angel/rt.s                       0x00000000   Number         0  rt_div0.o ABSOLUTE
    ../clib/angel/rt.s                       0x00000000   Number         0  rt_raise.o ABSOLUTE
    ../clib/angel/scatterp.s                 0x00000000   Number         0  __scatter.o ABSOLUTE
    ../clib/angel/startup.s                  0x00000000   Number         0  __main.o ABSOLUTE
    ../clib/angel/sys.s                      0x00000000   Number         0  sys_stackheap_outer.o ABSOLUTE
    ../clib/angel/sys.s                      0x00000000   Number         0  libspace.o ABSOLUTE
    ../clib/angel/sys.s                      0x00000000   Number         0  tempstk.o ABSOLUTE
    ../clib/angel/sys.s                      0x00000000   Number         0  use_no_semi.o ABSOLUTE
    ../clib/angel/sys.s                      0x00000000   Number         0  indicate_semi.o ABSOLUTE
    ../clib/angel/sysapp.c                   0x00000000   Number         0  sys_exit.o ABSOLUTE
    ../clib/angel/sysapp.c                   0x00000000   Number         0  sys_exit_hlt.o ABSOLUTE
    ../clib/angel/sysapp.c                   0x00000000   Number         0  sys_wrch.o ABSOLUTE
    ../clib/angel/sysapp.c                   0x00000000   Number         0  sys_wrch_hlt.o ABSOLUTE
    ../clib/angel/sysapp.c                   0x00000000   Number         0  sys_command.o ABSOLUTE
    ../clib/angel/sysapp.c                   0x00000000   Number         0  sys_command_hlt.o ABSOLUTE
    ../clib/armsys.c                         0x00000000   Number         0  argv_veneer.o ABSOLUTE
    ../clib/armsys.c                         0x00000000   Number         0  _get_argv_nomalloc.o ABSOLUTE
    ../clib/armsys.c                         0x00000000   Number         0  no_argv.o ABSOLUTE
    ../clib/division.s                       0x00000000   Number         0  aeabi_sdivfast.o ABSOLUTE
    ../clib/division.s                       0x00000000   Number         0  aeabi_sdivfast_div0.o ABSOLUTE
    ../clib/heapalloc.c                      0x00000000   Number         0  hrguard.o ABSOLUTE
    ../clib/heapaux.c                        0x00000000   Number         0  heapauxi.o ABSOLUTE
    ../clib/libinit.s                        0x00000000   Number         0  libinit.o ABSOLUTE
    ../clib/libinit.s                        0x00000000   Number         0  libinit2.o ABSOLUTE
    ../clib/libinit.s                        0x00000000   Number         0  libshutdown.o ABSOLUTE
    ../clib/libinit.s                        0x00000000   Number         0  libshutdown2.o ABSOLUTE
    ../clib/longlong.c                       0x00000000   Number         0  llushr.o ABSOLUTE
    ../clib/memcpset.c                       0x00000000   Number         0  rt_memclr.o ABSOLUTE
    ../clib/signal.c                         0x00000000   Number         0  defsig_fpe_outer.o ABSOLUTE
    ../clib/signal.c                         0x00000000   Number         0  defsig_fpe_formal.o ABSOLUTE
    ../clib/signal.c                         0x00000000   Number         0  defsig_exit.o ABSOLUTE
    ../clib/signal.c                         0x00000000   Number         0  defsig_fpe_inner.o ABSOLUTE
    ../clib/signal.c                         0x00000000   Number         0  __raise.o ABSOLUTE
    ../clib/signal.c                         0x00000000   Number         0  defsig_general.o ABSOLUTE
    ../clib/signal.c                         0x00000000   Number         0  defsig_abrt_inner.o ABSOLUTE
    ../clib/signal.c                         0x00000000   Number         0  defsig_rtred_inner.o ABSOLUTE
    ../clib/signal.c                         0x00000000   Number         0  defsig_rtmem_inner.o ABSOLUTE
    ../clib/signal.c                         0x00000000   Number         0  defsig_rtmem_outer.o ABSOLUTE
    ../clib/signal.c                         0x00000000   Number         0  defsig_rtmem_formal.o ABSOLUTE
    ../clib/signal.c                         0x00000000   Number         0  defsig_stak_inner.o ABSOLUTE
    ../clib/signal.c                         0x00000000   Number         0  defsig_pvfn_inner.o ABSOLUTE
    ../clib/signal.c                         0x00000000   Number         0  defsig_cppl_inner.o ABSOLUTE
    ../clib/signal.c                         0x00000000   Number         0  defsig_segv_inner.o ABSOLUTE
    ../clib/signal.c                         0x00000000   Number         0  defsig_other.o ABSOLUTE
    ../clib/signal.s                         0x00000000   Number         0  defsig.o ABSOLUTE
    ../clib/stdlib.c                         0x00000000   Number         0  exit.o ABSOLUTE
    ../fplib/cfplib/fpinit.c                 0x00000000   Number         0  fpinit.o ABSOLUTE
    dc.s                                     0x00000000   Number         0  dc.o ABSOLUTE
    helpers.c                                0x00000000   Number         0  helpers.o ABSOLUTE
    main.c                                   0x00000000   Number         0  main.o ABSOLUTE
    startup_stm32f042x6.s                    0x00000000   Number         0  startup_stm32f042x6.o ABSOLUTE
    stm32f0xx_hal.c                          0x00000000   Number         0  stm32f0xx_hal.o ABSOLUTE
    stm32f0xx_hal_cortex.c                   0x00000000   Number         0  stm32f0xx_hal_cortex.o ABSOLUTE
    stm32f0xx_hal_dma.c                      0x00000000   Number         0  stm32f0xx_hal_dma.o ABSOLUTE
    stm32f0xx_hal_exti.c                     0x00000000   Number         0  stm32f0xx_hal_exti.o ABSOLUTE
    stm32f0xx_hal_flash.c                    0x00000000   Number         0  stm32f0xx_hal_flash.o ABSOLUTE
    stm32f0xx_hal_flash_ex.c                 0x00000000   Number         0  stm32f0xx_hal_flash_ex.o ABSOLUTE
    stm32f0xx_hal_gpio.c                     0x00000000   Number         0  stm32f0xx_hal_gpio.o ABSOLUTE
    stm32f0xx_hal_i2c.c                      0x00000000   Number         0  stm32f0xx_hal_i2c.o ABSOLUTE
    stm32f0xx_hal_i2c_ex.c                   0x00000000   Number         0  stm32f0xx_hal_i2c_ex.o ABSOLUTE
    stm32f0xx_hal_iwdg.c                     0x00000000   Number         0  stm32f0xx_hal_iwdg.o ABSOLUTE
    stm32f0xx_hal_msp.c                      0x00000000   Number         0  stm32f0xx_hal_msp.o ABSOLUTE
    stm32f0xx_hal_pwr.c                      0x00000000   Number         0  stm32f0xx_hal_pwr.o ABSOLUTE
    stm32f0xx_hal_pwr_ex.c                   0x00000000   Number         0  stm32f0xx_hal_pwr_ex.o ABSOLUTE
    stm32f0xx_hal_rcc.c                      0x00000000   Number         0  stm32f0xx_hal_rcc.o ABSOLUTE
    stm32f0xx_hal_rcc_ex.c                   0x00000000   Number         0  stm32f0xx_hal_rcc_ex.o ABSOLUTE
    stm32f0xx_hal_spi.c                      0x00000000   Number         0  stm32f0xx_hal_spi.o ABSOLUTE
    stm32f0xx_hal_spi_ex.c                   0x00000000   Number         0  stm32f0xx_hal_spi_ex.o ABSOLUTE
    stm32f0xx_hal_tim.c                      0x00000000   Number         0  stm32f0xx_hal_tim.o ABSOLUTE
    stm32f0xx_hal_tim_ex.c                   0x00000000   Number         0  stm32f0xx_hal_tim_ex.o ABSOLUTE
    stm32f0xx_hal_uart.c                     0x00000000   Number         0  stm32f0xx_hal_uart.o ABSOLUTE
    stm32f0xx_hal_uart_ex.c                  0x00000000   Number         0  stm32f0xx_hal_uart_ex.o ABSOLUTE
    stm32f0xx_it.c                           0x00000000   Number         0  stm32f0xx_it.o ABSOLUTE
    system_stm32f0xx.c                       0x00000000   Number         0  system_stm32f0xx.o ABSOLUTE
    RESET                                    0x08000000   Section      192  startup_stm32f042x6.o(RESET)
    !!!main                                  0x080000c0   Section        8  __main.o(!!!main)
    !!!scatter                               0x080000c8   Section       84  __scatter.o(!!!scatter)
    !!handler_copy                           0x0800011c   Section       26  __scatter_copy.o(!!handler_copy)
    !!handler_null                           0x08000138   Section        2  __scatter.o(!!handler_null)
    !!handler_zi                             0x0800013c   Section       28  __scatter_zi.o(!!handler_zi)
    .ARM.Collect$$libinit$$00000000          0x08000158   Section        2  libinit.o(.ARM.Collect$$libinit$$00000000)
    .ARM.Collect$$libinit$$00000002          0x0800015a   Section        0  libinit2.o(.ARM.Collect$$libinit$$00000002)
    .ARM.Collect$$libinit$$00000004          0x0800015a   Section        0  libinit2.o(.ARM.Collect$$libinit$$00000004)
    .ARM.Collect$$libinit$$00000006          0x0800015a   Section        0  libinit2.o(.ARM.Collect$$libinit$$00000006)
    .ARM.Collect$$libinit$$0000000C          0x0800015a   Section        0  libinit2.o(.ARM.Collect$$libinit$$0000000C)
    .ARM.Collect$$libinit$$0000000E          0x0800015a   Section        0  libinit2.o(.ARM.Collect$$libinit$$0000000E)
    .ARM.Collect$$libinit$$00000010          0x0800015a   Section        0  libinit2.o(.ARM.Collect$$libinit$$00000010)
    .ARM.Collect$$libinit$$00000013          0x0800015a   Section        0  libinit2.o(.ARM.Collect$$libinit$$00000013)
    .ARM.Collect$$libinit$$00000015          0x0800015a   Section        0  libinit2.o(.ARM.Collect$$libinit$$00000015)
    .ARM.Collect$$libinit$$00000017          0x0800015a   Section        0  libinit2.o(.ARM.Collect$$libinit$$00000017)
    .ARM.Collect$$libinit$$00000019          0x0800015a   Section        0  libinit2.o(.ARM.Collect$$libinit$$00000019)
    .ARM.Collect$$libinit$$0000001B          0x0800015a   Section        0  libinit2.o(.ARM.Collect$$libinit$$0000001B)
    .ARM.Collect$$libinit$$0000001D          0x0800015a   Section        0  libinit2.o(.ARM.Collect$$libinit$$0000001D)
    .ARM.Collect$$libinit$$0000001F          0x0800015a   Section        0  libinit2.o(.ARM.Collect$$libinit$$0000001F)
    .ARM.Collect$$libinit$$00000021          0x0800015a   Section        0  libinit2.o(.ARM.Collect$$libinit$$00000021)
    .ARM.Collect$$libinit$$00000023          0x0800015a   Section        0  libinit2.o(.ARM.Collect$$libinit$$00000023)
    .ARM.Collect$$libinit$$00000025          0x0800015a   Section        0  libinit2.o(.ARM.Collect$$libinit$$00000025)
    .ARM.Collect$$libinit$$00000027          0x0800015a   Section        0  libinit2.o(.ARM.Collect$$libinit$$00000027)
    .ARM.Collect$$libinit$$0000002E          0x0800015a   Section        0  libinit2.o(.ARM.Collect$$libinit$$0000002E)
    .ARM.Collect$$libinit$$00000030          0x0800015a   Section        0  libinit2.o(.ARM.Collect$$libinit$$00000030)
    .ARM.Collect$$libinit$$00000032          0x0800015a   Section        0  libinit2.o(.ARM.Collect$$libinit$$00000032)
    .ARM.Collect$$libinit$$00000034          0x0800015a   Section        0  libinit2.o(.ARM.Collect$$libinit$$00000034)
    .ARM.Collect$$libinit$$00000035          0x0800015a   Section        2  libinit2.o(.ARM.Collect$$libinit$$00000035)
    .ARM.Collect$$libshutdown$$00000000      0x0800015c   Section        2  libshutdown.o(.ARM.Collect$$libshutdown$$00000000)
    .ARM.Collect$$libshutdown$$00000002      0x0800015e   Section        0  libshutdown2.o(.ARM.Collect$$libshutdown$$00000002)
    .ARM.Collect$$libshutdown$$00000004      0x0800015e   Section        0  libshutdown2.o(.ARM.Collect$$libshutdown$$00000004)
    .ARM.Collect$$libshutdown$$00000007      0x0800015e   Section        0  libshutdown2.o(.ARM.Collect$$libshutdown$$00000007)
    .ARM.Collect$$libshutdown$$0000000A      0x0800015e   Section        0  libshutdown2.o(.ARM.Collect$$libshutdown$$0000000A)
    .ARM.Collect$$libshutdown$$0000000C      0x0800015e   Section        0  libshutdown2.o(.ARM.Collect$$libshutdown$$0000000C)
    .ARM.Collect$$libshutdown$$0000000F      0x0800015e   Section        0  libshutdown2.o(.ARM.Collect$$libshutdown$$0000000F)
    .ARM.Collect$$libshutdown$$00000010      0x0800015e   Section        2  libshutdown2.o(.ARM.Collect$$libshutdown$$00000010)
    .ARM.Collect$$rtentry$$00000000          0x08000160   Section        0  __rtentry.o(.ARM.Collect$$rtentry$$00000000)
    .ARM.Collect$$rtentry$$00000002          0x08000160   Section        0  __rtentry2.o(.ARM.Collect$$rtentry$$00000002)
    .ARM.Collect$$rtentry$$00000004          0x08000160   Section        6  __rtentry4.o(.ARM.Collect$$rtentry$$00000004)
    .ARM.Collect$$rtentry$$00000009          0x08000166   Section        0  __rtentry2.o(.ARM.Collect$$rtentry$$00000009)
    .ARM.Collect$$rtentry$$0000000A          0x08000166   Section        4  __rtentry2.o(.ARM.Collect$$rtentry$$0000000A)
    .ARM.Collect$$rtentry$$0000000C          0x0800016a   Section        0  __rtentry2.o(.ARM.Collect$$rtentry$$0000000C)
    .ARM.Collect$$rtentry$$0000000D          0x0800016a   Section        8  __rtentry2.o(.ARM.Collect$$rtentry$$0000000D)
    .ARM.Collect$$rtexit$$00000000           0x08000172   Section        2  rtexit.o(.ARM.Collect$$rtexit$$00000000)
    .ARM.Collect$$rtexit$$00000002           0x08000174   Section        0  rtexit2.o(.ARM.Collect$$rtexit$$00000002)
    .ARM.Collect$$rtexit$$00000003           0x08000174   Section        4  rtexit2.o(.ARM.Collect$$rtexit$$00000003)
    .ARM.Collect$$rtexit$$00000004           0x08000178   Section        6  rtexit2.o(.ARM.Collect$$rtexit$$00000004)
    .text                                    0x08000180   Section      116  startup_stm32f042x6.o(.text)
    .text                                    0x080001f4   Section        0  rt_memclr.o(.text)
    .text                                    0x08000234   Section        0  heapauxi.o(.text)
    .text                                    0x0800023a   Section       62  sys_stackheap_outer.o(.text)
    .text                                    0x08000278   Section        0  exit.o(.text)
    .text                                    0x08000288   Section        8  libspace.o(.text)
    .text                                    0x08000290   Section        0  sys_exit.o(.text)
    .text                                    0x0800029c   Section        2  use_no_semi.o(.text)
    .text                                    0x0800029e   Section        0  indicate_semi.o(.text)
    [Anonymous Symbol]                       0x080002a0   Section        0  stm32f0xx_it.o(.text.DMA1_Channel2_3_IRQHandler)
    __arm_cp.5_0                             0x080002ac   Number         4  stm32f0xx_it.o(.text.DMA1_Channel2_3_IRQHandler)
    [Anonymous Symbol]                       0x080002b0   Section        0  main.o(.text.Error_Handler)
    [Anonymous Symbol]                       0x080002b2   Section        0  stm32f0xx_hal_dma.o(.text.HAL_DMA_IRQHandler)
    [Anonymous Symbol]                       0x08000384   Section        0  stm32f0xx_hal_dma.o(.text.HAL_DMA_Init)
    __arm_cp.0_0                             0x080003f4   Number         4  stm32f0xx_hal_dma.o(.text.HAL_DMA_Init)
    __arm_cp.0_1                             0x080003f8   Number         4  stm32f0xx_hal_dma.o(.text.HAL_DMA_Init)
    __arm_cp.0_2                             0x080003fc   Number         4  stm32f0xx_hal_dma.o(.text.HAL_DMA_Init)
    [Anonymous Symbol]                       0x08000400   Section        0  stm32f0xx_hal_dma.o(.text.HAL_DMA_Start_IT)
    [Anonymous Symbol]                       0x08000484   Section        0  stm32f0xx_hal.o(.text.HAL_Delay)
    [Anonymous Symbol]                       0x080004a4   Section        0  stm32f0xx_hal_gpio.o(.text.HAL_GPIO_Init)
    __arm_cp.0_0                             0x0800061c   Number         4  stm32f0xx_hal_gpio.o(.text.HAL_GPIO_Init)
    __arm_cp.0_1                             0x08000620   Number         4  stm32f0xx_hal_gpio.o(.text.HAL_GPIO_Init)
    __arm_cp.0_3                             0x08000624   Number         4  stm32f0xx_hal_gpio.o(.text.HAL_GPIO_Init)
    __arm_cp.0_4                             0x08000628   Number         4  stm32f0xx_hal_gpio.o(.text.HAL_GPIO_Init)
    [Anonymous Symbol]                       0x0800062c   Section        0  stm32f0xx_hal_gpio.o(.text.HAL_GPIO_ReadPin)
    [Anonymous Symbol]                       0x08000636   Section        0  stm32f0xx_hal_gpio.o(.text.HAL_GPIO_WritePin)
    [Anonymous Symbol]                       0x08000648   Section        0  stm32f0xx_hal.o(.text.HAL_GetTick)
    [Anonymous Symbol]                       0x08000650   Section        0  stm32f0xx_hal_uart.o(.text.HAL_HalfDuplex_Init)
    [Anonymous Symbol]                       0x080006c8   Section        0  stm32f0xx_hal_iwdg.o(.text.HAL_IWDG_Init)
    __arm_cp.0_0                             0x08000720   Number         4  stm32f0xx_hal_iwdg.o(.text.HAL_IWDG_Init)
    __arm_cp.0_1                             0x08000724   Number         4  stm32f0xx_hal_iwdg.o(.text.HAL_IWDG_Init)
    [Anonymous Symbol]                       0x08000728   Section        0  stm32f0xx_hal_iwdg.o(.text.HAL_IWDG_Refresh)
    __arm_cp.1_0                             0x08000734   Number         4  stm32f0xx_hal_iwdg.o(.text.HAL_IWDG_Refresh)
    [Anonymous Symbol]                       0x08000738   Section        0  stm32f0xx_hal.o(.text.HAL_IncTick)
    __arm_cp.5_1                             0x08000748   Number         4  stm32f0xx_hal.o(.text.HAL_IncTick)
    [Anonymous Symbol]                       0x0800074c   Section        0  stm32f0xx_hal.o(.text.HAL_Init)
    [Anonymous Symbol]                       0x08000768   Section        0  stm32f0xx_hal.o(.text.HAL_InitTick)
    __arm_cp.1_0                             0x080007a4   Number         4  stm32f0xx_hal.o(.text.HAL_InitTick)
    __arm_cp.1_2                             0x080007a8   Number         4  stm32f0xx_hal.o(.text.HAL_InitTick)
    [Anonymous Symbol]                       0x080007ac   Section        0  stm32f0xx_hal_msp.o(.text.HAL_MspInit)
    __arm_cp.0_0                             0x080007d4   Number         4  stm32f0xx_hal_msp.o(.text.HAL_MspInit)
    [Anonymous Symbol]                       0x080007d8   Section        0  stm32f0xx_hal_cortex.o(.text.HAL_NVIC_EnableIRQ)
    __arm_cp.1_0                             0x080007ec   Number         4  stm32f0xx_hal_cortex.o(.text.HAL_NVIC_EnableIRQ)
    [Anonymous Symbol]                       0x080007f0   Section        0  stm32f0xx_hal_cortex.o(.text.HAL_NVIC_SetPriority)
    __arm_cp.0_0                             0x08000820   Number         4  stm32f0xx_hal_cortex.o(.text.HAL_NVIC_SetPriority)
    __arm_cp.0_1                             0x08000824   Number         4  stm32f0xx_hal_cortex.o(.text.HAL_NVIC_SetPriority)
    [Anonymous Symbol]                       0x08000828   Section        0  stm32f0xx_hal_cortex.o(.text.HAL_NVIC_SystemReset)
    __arm_cp.3_0                             0x0800083c   Number         4  stm32f0xx_hal_cortex.o(.text.HAL_NVIC_SystemReset)
    __arm_cp.3_1                             0x08000840   Number         4  stm32f0xx_hal_cortex.o(.text.HAL_NVIC_SystemReset)
    [Anonymous Symbol]                       0x08000844   Section        0  stm32f0xx_hal_rcc_ex.o(.text.HAL_RCCEx_PeriphCLKConfig)
    __arm_cp.0_0                             0x08000964   Number         4  stm32f0xx_hal_rcc_ex.o(.text.HAL_RCCEx_PeriphCLKConfig)
    __arm_cp.0_1                             0x08000968   Number         4  stm32f0xx_hal_rcc_ex.o(.text.HAL_RCCEx_PeriphCLKConfig)
    __arm_cp.0_2                             0x0800096c   Number         4  stm32f0xx_hal_rcc_ex.o(.text.HAL_RCCEx_PeriphCLKConfig)
    [Anonymous Symbol]                       0x08000970   Section        0  stm32f0xx_hal_rcc.o(.text.HAL_RCC_ClockConfig)
    __arm_cp.2_0                             0x08000ac4   Number         4  stm32f0xx_hal_rcc.o(.text.HAL_RCC_ClockConfig)
    __arm_cp.2_2                             0x08000ac8   Number         4  stm32f0xx_hal_rcc.o(.text.HAL_RCC_ClockConfig)
    __arm_cp.2_7                             0x08000acc   Number         4  stm32f0xx_hal_rcc.o(.text.HAL_RCC_ClockConfig)
    [Anonymous Symbol]                       0x08000ad0   Section        0  stm32f0xx_hal_rcc.o(.text.HAL_RCC_GetHCLKFreq)
    [Anonymous Symbol]                       0x08000ad8   Section        0  stm32f0xx_hal_rcc.o(.text.HAL_RCC_GetPCLK1Freq)
    __arm_cp.8_0                             0x08000aec   Number         4  stm32f0xx_hal_rcc.o(.text.HAL_RCC_GetPCLK1Freq)
    __arm_cp.8_2                             0x08000af0   Number         4  stm32f0xx_hal_rcc.o(.text.HAL_RCC_GetPCLK1Freq)
    [Anonymous Symbol]                       0x08000af4   Section        0  stm32f0xx_hal_rcc.o(.text.HAL_RCC_GetSysClockFreq)
    __arm_cp.3_0                             0x08000b40   Number         4  stm32f0xx_hal_rcc.o(.text.HAL_RCC_GetSysClockFreq)
    __arm_cp.3_1                             0x08000b44   Number         4  stm32f0xx_hal_rcc.o(.text.HAL_RCC_GetSysClockFreq)
    __arm_cp.3_2                             0x08000b48   Number         4  stm32f0xx_hal_rcc.o(.text.HAL_RCC_GetSysClockFreq)
    __arm_cp.3_3                             0x08000b4c   Number         4  stm32f0xx_hal_rcc.o(.text.HAL_RCC_GetSysClockFreq)
    __arm_cp.3_4                             0x08000b50   Number         4  stm32f0xx_hal_rcc.o(.text.HAL_RCC_GetSysClockFreq)
    [Anonymous Symbol]                       0x08000b54   Section        0  stm32f0xx_hal_rcc.o(.text.HAL_RCC_OscConfig)
    __arm_cp.1_3                             0x08000f60   Number         4  stm32f0xx_hal_rcc.o(.text.HAL_RCC_OscConfig)
    __arm_cp.1_1                             0x08000fac   Number         4  stm32f0xx_hal_rcc.o(.text.HAL_RCC_OscConfig)
    __arm_cp.1_2                             0x08000fb0   Number         4  stm32f0xx_hal_rcc.o(.text.HAL_RCC_OscConfig)
    [Anonymous Symbol]                       0x08000fb4   Section        0  stm32f0xx_hal_spi.o(.text.HAL_SPI_ErrorCallback)
    [Anonymous Symbol]                       0x08000fb8   Section        0  stm32f0xx_hal_spi.o(.text.HAL_SPI_Init)
    [Anonymous Symbol]                       0x080010ac   Section        0  stm32f0xx_hal_msp.o(.text.HAL_SPI_MspInit)
    __arm_cp.1_0                             0x08001138   Number         4  stm32f0xx_hal_msp.o(.text.HAL_SPI_MspInit)
    __arm_cp.1_1                             0x0800113c   Number         4  stm32f0xx_hal_msp.o(.text.HAL_SPI_MspInit)
    __arm_cp.1_2                             0x08001140   Number         4  stm32f0xx_hal_msp.o(.text.HAL_SPI_MspInit)
    __arm_cp.1_3                             0x08001144   Number         4  stm32f0xx_hal_msp.o(.text.HAL_SPI_MspInit)
    __arm_cp.1_4                             0x08001148   Number         4  stm32f0xx_hal_msp.o(.text.HAL_SPI_MspInit)
    [Anonymous Symbol]                       0x0800114c   Section        0  stm32f0xx_hal_spi.o(.text.HAL_SPI_Receive_DMA)
    __arm_cp.23_0                            0x0800127c   Number         4  stm32f0xx_hal_spi.o(.text.HAL_SPI_Receive_DMA)
    __arm_cp.23_1                            0x08001280   Number         4  stm32f0xx_hal_spi.o(.text.HAL_SPI_Receive_DMA)
    [Anonymous Symbol]                       0x08001284   Section        0  main.o(.text.HAL_SPI_RxCpltCallback)
    __arm_cp.4_0                             0x080012b8   Number         4  main.o(.text.HAL_SPI_RxCpltCallback)
    __arm_cp.4_1                             0x080012bc   Number         4  main.o(.text.HAL_SPI_RxCpltCallback)
    [Anonymous Symbol]                       0x080012c0   Section        0  stm32f0xx_hal_spi.o(.text.HAL_SPI_RxHalfCpltCallback)
    [Anonymous Symbol]                       0x080012c4   Section        0  stm32f0xx_hal_spi.o(.text.HAL_SPI_TransmitReceive_DMA)
    __arm_cp.24_0                            0x08001464   Number         4  stm32f0xx_hal_spi.o(.text.HAL_SPI_TransmitReceive_DMA)
    __arm_cp.24_1                            0x08001468   Number         4  stm32f0xx_hal_spi.o(.text.HAL_SPI_TransmitReceive_DMA)
    __arm_cp.24_2                            0x0800146c   Number         4  stm32f0xx_hal_spi.o(.text.HAL_SPI_TransmitReceive_DMA)
    __arm_cp.24_3                            0x08001470   Number         4  stm32f0xx_hal_spi.o(.text.HAL_SPI_TransmitReceive_DMA)
    __arm_cp.24_4                            0x08001474   Number         4  stm32f0xx_hal_spi.o(.text.HAL_SPI_TransmitReceive_DMA)
    __arm_cp.24_5                            0x08001478   Number         4  stm32f0xx_hal_spi.o(.text.HAL_SPI_TransmitReceive_DMA)
    [Anonymous Symbol]                       0x0800147c   Section        0  stm32f0xx_hal_spi.o(.text.HAL_SPI_TxRxCpltCallback)
    [Anonymous Symbol]                       0x0800147e   Section        0  stm32f0xx_hal_spi.o(.text.HAL_SPI_TxRxHalfCpltCallback)
    [Anonymous Symbol]                       0x08001480   Section        0  stm32f0xx_hal_cortex.o(.text.HAL_SYSTICK_CLKSourceConfig)
    [Anonymous Symbol]                       0x08001498   Section        0  stm32f0xx_hal_cortex.o(.text.HAL_SYSTICK_Config)
    __arm_cp.4_0                             0x080014c0   Number         4  stm32f0xx_hal_cortex.o(.text.HAL_SYSTICK_Config)
    __arm_cp.4_1                             0x080014c4   Number         4  stm32f0xx_hal_cortex.o(.text.HAL_SYSTICK_Config)
    __arm_cp.4_2                             0x080014c8   Number         4  stm32f0xx_hal_cortex.o(.text.HAL_SYSTICK_Config)
    [Anonymous Symbol]                       0x080014cc   Section        0  stm32f0xx_hal_tim_ex.o(.text.HAL_TIMEx_ConfigBreakDeadTime)
    [Anonymous Symbol]                       0x08001528   Section        0  stm32f0xx_hal_tim_ex.o(.text.HAL_TIMEx_MasterConfigSynchronization)
    [Anonymous Symbol]                       0x08001578   Section        0  stm32f0xx_hal_tim_ex.o(.text.HAL_TIMEx_PWMN_Start)
    [Anonymous Symbol]                       0x08001604   Section        0  stm32f0xx_hal_tim.o(.text.HAL_TIM_Base_Init)
    [Anonymous Symbol]                       0x0800164c   Section        0  stm32f0xx_hal_msp.o(.text.HAL_TIM_Base_MspInit)
    __arm_cp.3_6                             0x080016d0   Number         4  stm32f0xx_hal_msp.o(.text.HAL_TIM_Base_MspInit)
    [Anonymous Symbol]                       0x080016d4   Section        0  stm32f0xx_hal_tim.o(.text.HAL_TIM_Base_Start)
    __arm_cp.5_0                             0x08001714   Number         4  stm32f0xx_hal_tim.o(.text.HAL_TIM_Base_Start)
    __arm_cp.5_1                             0x08001718   Number         4  stm32f0xx_hal_tim.o(.text.HAL_TIM_Base_Start)
    [Anonymous Symbol]                       0x0800171c   Section        0  stm32f0xx_hal_tim.o(.text.HAL_TIM_ConfigClockSource)
    __arm_cp.90_0                            0x0800186c   Number         4  stm32f0xx_hal_tim.o(.text.HAL_TIM_ConfigClockSource)
    [Anonymous Symbol]                       0x08001870   Section        0  stm32f0xx_hal_msp.o(.text.HAL_TIM_MspPostInit)
    __arm_cp.4_0                             0x08001968   Number         4  stm32f0xx_hal_msp.o(.text.HAL_TIM_MspPostInit)
    __arm_cp.4_1                             0x0800196c   Number         4  stm32f0xx_hal_msp.o(.text.HAL_TIM_MspPostInit)
    __arm_cp.4_2                             0x08001970   Number         4  stm32f0xx_hal_msp.o(.text.HAL_TIM_MspPostInit)
    __arm_cp.4_3                             0x08001974   Number         4  stm32f0xx_hal_msp.o(.text.HAL_TIM_MspPostInit)
    __arm_cp.4_4                             0x08001978   Number         4  stm32f0xx_hal_msp.o(.text.HAL_TIM_MspPostInit)
    __arm_cp.4_5                             0x0800197c   Number         4  stm32f0xx_hal_msp.o(.text.HAL_TIM_MspPostInit)
    __arm_cp.4_6                             0x08001980   Number         4  stm32f0xx_hal_msp.o(.text.HAL_TIM_MspPostInit)
    __arm_cp.4_7                             0x08001984   Number         4  stm32f0xx_hal_msp.o(.text.HAL_TIM_MspPostInit)
    [Anonymous Symbol]                       0x08001988   Section        0  stm32f0xx_hal_tim.o(.text.HAL_TIM_PWM_ConfigChannel)
    __arm_cp.77_0                            0x08001bec   Number         4  stm32f0xx_hal_tim.o(.text.HAL_TIM_PWM_ConfigChannel)
    __arm_cp.77_1                            0x08001bf0   Number         4  stm32f0xx_hal_tim.o(.text.HAL_TIM_PWM_ConfigChannel)
    __arm_cp.77_2                            0x08001bf4   Number         4  stm32f0xx_hal_tim.o(.text.HAL_TIM_PWM_ConfigChannel)
    __arm_cp.77_3                            0x08001bf8   Number         4  stm32f0xx_hal_tim.o(.text.HAL_TIM_PWM_ConfigChannel)
    [Anonymous Symbol]                       0x08001bfc   Section        0  stm32f0xx_hal_tim.o(.text.HAL_TIM_PWM_Init)
    [Anonymous Symbol]                       0x08001c42   Section        0  stm32f0xx_hal_tim.o(.text.HAL_TIM_PWM_MspInit)
    [Anonymous Symbol]                       0x08001c44   Section        0  stm32f0xx_hal_tim.o(.text.HAL_TIM_PWM_Start)
    __arm_cp.31_0                            0x08001cf0   Number         4  stm32f0xx_hal_tim.o(.text.HAL_TIM_PWM_Start)
    __arm_cp.31_1                            0x08001cf4   Number         4  stm32f0xx_hal_tim.o(.text.HAL_TIM_PWM_Start)
    __arm_cp.31_2                            0x08001cf8   Number         4  stm32f0xx_hal_tim.o(.text.HAL_TIM_PWM_Start)
    __arm_cp.31_3                            0x08001cfc   Number         4  stm32f0xx_hal_tim.o(.text.HAL_TIM_PWM_Start)
    __arm_cp.31_4                            0x08001d00   Number         4  stm32f0xx_hal_tim.o(.text.HAL_TIM_PWM_Start)
    [Anonymous Symbol]                       0x08001d04   Section        0  stm32f0xx_hal_msp.o(.text.HAL_UART_MspInit)
    __arm_cp.6_0                             0x08001d60   Number         4  stm32f0xx_hal_msp.o(.text.HAL_UART_MspInit)
    __arm_cp.6_1                             0x08001d64   Number         4  stm32f0xx_hal_msp.o(.text.HAL_UART_MspInit)
    __arm_cp.6_2                             0x08001d68   Number         4  stm32f0xx_hal_msp.o(.text.HAL_UART_MspInit)
    [Anonymous Symbol]                       0x08001d6c   Section        0  stm32f0xx_it.o(.text.HardFault_Handler)
    [Anonymous Symbol]                       0x08001d6e   Section        0  stm32f0xx_it.o(.text.NMI_Handler)
    [Anonymous Symbol]                       0x08001d70   Section        0  stm32f0xx_it.o(.text.PendSV_Handler)
    SPI_DMAError                             0x08001d73   Thumb Code    34  stm32f0xx_hal_spi.o(.text.SPI_DMAError)
    [Anonymous Symbol]                       0x08001d72   Section        0  stm32f0xx_hal_spi.o(.text.SPI_DMAError)
    SPI_DMAHalfReceiveCplt                   0x08001d95   Thumb Code    10  stm32f0xx_hal_spi.o(.text.SPI_DMAHalfReceiveCplt)
    [Anonymous Symbol]                       0x08001d94   Section        0  stm32f0xx_hal_spi.o(.text.SPI_DMAHalfReceiveCplt)
    SPI_DMAHalfTransmitReceiveCplt           0x08001d9f   Thumb Code    10  stm32f0xx_hal_spi.o(.text.SPI_DMAHalfTransmitReceiveCplt)
    [Anonymous Symbol]                       0x08001d9e   Section        0  stm32f0xx_hal_spi.o(.text.SPI_DMAHalfTransmitReceiveCplt)
    SPI_DMAReceiveCplt                       0x08001da9   Thumb Code   106  stm32f0xx_hal_spi.o(.text.SPI_DMAReceiveCplt)
    [Anonymous Symbol]                       0x08001da8   Section        0  stm32f0xx_hal_spi.o(.text.SPI_DMAReceiveCplt)
    SPI_DMATransmitReceiveCplt               0x08001e13   Thumb Code   146  stm32f0xx_hal_spi.o(.text.SPI_DMATransmitReceiveCplt)
    [Anonymous Symbol]                       0x08001e12   Section        0  stm32f0xx_hal_spi.o(.text.SPI_DMATransmitReceiveCplt)
    SPI_EndRxTransaction                     0x08001ea5   Thumb Code   126  stm32f0xx_hal_spi.o(.text.SPI_EndRxTransaction)
    [Anonymous Symbol]                       0x08001ea4   Section        0  stm32f0xx_hal_spi.o(.text.SPI_EndRxTransaction)
    SPI_WaitFifoStateUntilTimeout            0x08001f25   Thumb Code   224  stm32f0xx_hal_spi.o(.text.SPI_WaitFifoStateUntilTimeout)
    [Anonymous Symbol]                       0x08001f24   Section        0  stm32f0xx_hal_spi.o(.text.SPI_WaitFifoStateUntilTimeout)
    SPI_WaitFlagStateUntilTimeout            0x08002005   Thumb Code   180  stm32f0xx_hal_spi.o(.text.SPI_WaitFlagStateUntilTimeout)
    [Anonymous Symbol]                       0x08002004   Section        0  stm32f0xx_hal_spi.o(.text.SPI_WaitFlagStateUntilTimeout)
    __arm_cp.33_0                            0x080020b8   Number         4  stm32f0xx_hal_spi.o(.text.SPI_WaitFlagStateUntilTimeout)
    [Anonymous Symbol]                       0x080020bc   Section        0  stm32f0xx_it.o(.text.SVC_Handler)
    [Anonymous Symbol]                       0x080020be   Section        0  stm32f0xx_it.o(.text.SysTick_Handler)
    [Anonymous Symbol]                       0x080020c6   Section        0  main.o(.text.SystemClock_Config)
    [Anonymous Symbol]                       0x08002148   Section        0  system_stm32f0xx.o(.text.SystemInit)
    __arm_cp.0_0                             0x08002194   Number         4  system_stm32f0xx.o(.text.SystemInit)
    __arm_cp.0_1                             0x08002198   Number         4  system_stm32f0xx.o(.text.SystemInit)
    __arm_cp.0_2                             0x0800219c   Number         4  system_stm32f0xx.o(.text.SystemInit)
    [Anonymous Symbol]                       0x080021a0   Section        0  stm32f0xx_hal_tim.o(.text.TIM_Base_SetConfig)
    __arm_cp.2_0                             0x08002234   Number         4  stm32f0xx_hal_tim.o(.text.TIM_Base_SetConfig)
    __arm_cp.2_1                             0x08002238   Number         4  stm32f0xx_hal_tim.o(.text.TIM_Base_SetConfig)
    __arm_cp.2_2                             0x0800223c   Number         4  stm32f0xx_hal_tim.o(.text.TIM_Base_SetConfig)
    __arm_cp.2_3                             0x08002240   Number         4  stm32f0xx_hal_tim.o(.text.TIM_Base_SetConfig)
    __arm_cp.2_4                             0x08002244   Number         4  stm32f0xx_hal_tim.o(.text.TIM_Base_SetConfig)
    __arm_cp.2_5                             0x08002248   Number         4  stm32f0xx_hal_tim.o(.text.TIM_Base_SetConfig)
    [Anonymous Symbol]                       0x0800224c   Section        0  stm32f0xx_hal_uart.o(.text.UART_AdvFeatureConfig)
    [Anonymous Symbol]                       0x08002320   Section        0  stm32f0xx_hal_uart.o(.text.UART_CheckIdleState)
    __arm_cp.4_0                             0x080023e0   Number         4  stm32f0xx_hal_uart.o(.text.UART_CheckIdleState)
    [Anonymous Symbol]                       0x080023e4   Section        0  stm32f0xx_hal_uart.o(.text.UART_SetConfig)
    __arm_cp.3_0                             0x0800250c   Number         4  stm32f0xx_hal_uart.o(.text.UART_SetConfig)
    __arm_cp.3_1                             0x08002510   Number         4  stm32f0xx_hal_uart.o(.text.UART_SetConfig)
    __arm_cp.3_2                             0x08002514   Number         4  stm32f0xx_hal_uart.o(.text.UART_SetConfig)
    __arm_cp.3_3                             0x08002518   Number         4  stm32f0xx_hal_uart.o(.text.UART_SetConfig)
    __arm_cp.3_5                             0x0800252c   Number         4  stm32f0xx_hal_uart.o(.text.UART_SetConfig)
    __arm_cp.3_6                             0x08002530   Number         4  stm32f0xx_hal_uart.o(.text.UART_SetConfig)
    [Anonymous Symbol]                       0x08002534   Section        0  stm32f0xx_hal_uart.o(.text.UART_WaitOnFlagUntilTimeout)
    [Anonymous Symbol]                       0x08002674   Section        0  main.o(.text.main)
    __arm_cp.1_0                             0x08002aac   Number         4  main.o(.text.main)
    __arm_cp.1_1                             0x08002ab0   Number         4  main.o(.text.main)
    __arm_cp.1_2                             0x08002ab4   Number         4  main.o(.text.main)
    __arm_cp.1_3                             0x08002ab8   Number         4  main.o(.text.main)
    __arm_cp.1_4                             0x08002abc   Number         4  main.o(.text.main)
    __arm_cp.1_5                             0x08002ac0   Number         4  main.o(.text.main)
    __arm_cp.1_6                             0x08002ac4   Number         4  main.o(.text.main)
    __arm_cp.1_7                             0x08002ac8   Number         4  main.o(.text.main)
    __arm_cp.1_9                             0x08002acc   Number         4  main.o(.text.main)
    __arm_cp.1_11                            0x08002ad0   Number         4  main.o(.text.main)
    __arm_cp.1_13                            0x08002ad4   Number         4  main.o(.text.main)
    __arm_cp.1_15                            0x08002ad8   Number         4  main.o(.text.main)
    __arm_cp.1_16                            0x08002adc   Number         4  main.o(.text.main)
    __arm_cp.1_17                            0x08002ae0   Number         4  main.o(.text.main)
    __arm_cp.1_18                            0x08002ae4   Number         4  main.o(.text.main)
    [Anonymous Symbol]                       0x08002ae8   Section        0  helpers.o(.text.set_pwm)
    __arm_cp.0_0                             0x08002bfc   Number         4  helpers.o(.text.set_pwm)
    __arm_cp.0_3                             0x08002c00   Number         4  helpers.o(.text.set_pwm)
    [Anonymous Symbol]                       0x08002c04   Section        0  helpers.o(.text.timer_init)
    __arm_cp.1_0                             0x08002cf4   Number         4  helpers.o(.text.timer_init)
    __arm_cp.1_1                             0x08002cf8   Number         4  helpers.o(.text.timer_init)
    __arm_cp.1_2                             0x08002cfc   Number         4  helpers.o(.text.timer_init)
    __arm_cp.1_3                             0x08002d00   Number         4  helpers.o(.text.timer_init)
    __arm_cp.1_4                             0x08002d04   Number         4  helpers.o(.text.timer_init)
    __arm_cp.1_5                             0x08002d08   Number         4  helpers.o(.text.timer_init)
    __arm_cp.1_6                             0x08002d0c   Number         4  helpers.o(.text.timer_init)
    .text_divfast                            0x08002d10   Section      502  aeabi_sdivfast.o(.text_divfast)
    HAL_RCC_GetSysClockFreq.aPLLMULFactorTable 0x08002f1e   Data          16  stm32f0xx_hal_rcc.o(.rodata.cst16)
    [Anonymous Symbol]                       0x08002f1e   Section        0  stm32f0xx_hal_rcc.o(.rodata.cst16)
    HAL_RCC_GetSysClockFreq.aPredivFactorTable 0x08002f2e   Data          16  stm32f0xx_hal_rcc.o(.rodata.cst16)
    .bss                                     0x20000010   Section       96  libspace.o(.bss)
    Heap_Mem                                 0x20000378   Data         512  startup_stm32f042x6.o(HEAP)
    HEAP                                     0x20000378   Section      512  startup_stm32f042x6.o(HEAP)
    Stack_Mem                                0x20000578   Data        1024  startup_stm32f042x6.o(STACK)
    STACK                                    0x20000578   Section     1024  startup_stm32f042x6.o(STACK)
    __initial_sp                             0x20000978   Data           0  startup_stm32f042x6.o(STACK)

    Global Symbols

    Symbol Name                              Value     Ov Type        Size  Object(Section)

    BuildAttributes$$THM_ISAv3M$S$PE$A:L22$X:L11$S22$IEEE1$IW$~IW$USESV6$~STKCKD$USESV7$~SHL$OTIME$ROPI$EBA8$UX$STANDARDLIB$REQ8$PRES8$EABIv2 0x00000000   Number         0  anon$$obj.o ABSOLUTE
    __ARM_exceptions_init                     - Undefined Weak Reference
    __alloca_initialize                       - Undefined Weak Reference
    __arm_preinit_                            - Undefined Weak Reference
    __arm_relocate_pie_                       - Undefined Weak Reference
    __cpp_initialize__aeabi_                  - Undefined Weak Reference
    __cxa_finalize                            - Undefined Weak Reference
    __rt_locale                               - Undefined Weak Reference
    __sigvec_lookup                           - Undefined Weak Reference
    _atexit_init                              - Undefined Weak Reference
    _call_atexit_fns                          - Undefined Weak Reference
    _clock_init                               - Undefined Weak Reference
    _fp_trap_init                             - Undefined Weak Reference
    _fp_trap_shutdown                         - Undefined Weak Reference
    _get_lc_collate                           - Undefined Weak Reference
    _get_lc_ctype                             - Undefined Weak Reference
    _get_lc_monetary                          - Undefined Weak Reference
    _get_lc_numeric                           - Undefined Weak Reference
    _get_lc_time                              - Undefined Weak Reference
    _getenv_init                              - Undefined Weak Reference
    _handle_redirection                       - Undefined Weak Reference
    _init_alloc                               - Undefined Weak Reference
    _init_user_alloc                          - Undefined Weak Reference
    _initio                                   - Undefined Weak Reference
    _rand_init                                - Undefined Weak Reference
    _signal_finish                            - Undefined Weak Reference
    _signal_init                              - Undefined Weak Reference
    _terminate_alloc                          - Undefined Weak Reference
    _terminate_user_alloc                     - Undefined Weak Reference
    _terminateio                              - Undefined Weak Reference
    __Vectors_Size                           0x000000c0   Number         0  startup_stm32f042x6.o ABSOLUTE
    __Vectors                                0x08000000   Data           4  startup_stm32f042x6.o(RESET)
    __Vectors_End                            0x080000c0   Data           0  startup_stm32f042x6.o(RESET)
    __main                                   0x080000c1   Thumb Code     8  __main.o(!!!main)
    __scatterload                            0x080000c9   Thumb Code     0  __scatter.o(!!!scatter)
    __scatterload_rt2                        0x080000c9   Thumb Code    74  __scatter.o(!!!scatter)
    __scatterload_rt2_thumb_only             0x080000c9   Thumb Code     0  __scatter.o(!!!scatter)
    __scatterload_loop                       0x080000d3   Thumb Code     0  __scatter.o(!!!scatter)
    __scatterload_copy                       0x0800011d   Thumb Code    26  __scatter_copy.o(!!handler_copy)
    __scatterload_null                       0x08000139   Thumb Code     2  __scatter.o(!!handler_null)
    __scatterload_zeroinit                   0x0800013d   Thumb Code    28  __scatter_zi.o(!!handler_zi)
    __rt_lib_init                            0x08000159   Thumb Code     0  libinit.o(.ARM.Collect$$libinit$$00000000)
    __rt_lib_init_alloca_1                   0x0800015b   Thumb Code     0  libinit2.o(.ARM.Collect$$libinit$$00000030)
    __rt_lib_init_argv_1                     0x0800015b   Thumb Code     0  libinit2.o(.ARM.Collect$$libinit$$0000002E)
    __rt_lib_init_atexit_1                   0x0800015b   Thumb Code     0  libinit2.o(.ARM.Collect$$libinit$$0000001D)
    __rt_lib_init_clock_1                    0x0800015b   Thumb Code     0  libinit2.o(.ARM.Collect$$libinit$$00000023)
    __rt_lib_init_cpp_1                      0x0800015b   Thumb Code     0  libinit2.o(.ARM.Collect$$libinit$$00000034)
    __rt_lib_init_exceptions_1               0x0800015b   Thumb Code     0  libinit2.o(.ARM.Collect$$libinit$$00000032)
    __rt_lib_init_fp_1                       0x0800015b   Thumb Code     0  libinit2.o(.ARM.Collect$$libinit$$00000002)
    __rt_lib_init_fp_trap_1                  0x0800015b   Thumb Code     0  libinit2.o(.ARM.Collect$$libinit$$00000021)
    __rt_lib_init_getenv_1                   0x0800015b   Thumb Code     0  libinit2.o(.ARM.Collect$$libinit$$00000025)
    __rt_lib_init_heap_1                     0x0800015b   Thumb Code     0  libinit2.o(.ARM.Collect$$libinit$$0000000C)
    __rt_lib_init_lc_collate_1               0x0800015b   Thumb Code     0  libinit2.o(.ARM.Collect$$libinit$$00000013)
    __rt_lib_init_lc_ctype_1                 0x0800015b   Thumb Code     0  libinit2.o(.ARM.Collect$$libinit$$00000015)
    __rt_lib_init_lc_monetary_1              0x0800015b   Thumb Code     0  libinit2.o(.ARM.Collect$$libinit$$00000017)
    __rt_lib_init_lc_numeric_1               0x0800015b   Thumb Code     0  libinit2.o(.ARM.Collect$$libinit$$00000019)
    __rt_lib_init_lc_time_1                  0x0800015b   Thumb Code     0  libinit2.o(.ARM.Collect$$libinit$$0000001B)
    __rt_lib_init_preinit_1                  0x0800015b   Thumb Code     0  libinit2.o(.ARM.Collect$$libinit$$00000006)
    __rt_lib_init_rand_1                     0x0800015b   Thumb Code     0  libinit2.o(.ARM.Collect$$libinit$$00000010)
    __rt_lib_init_relocate_pie_1             0x0800015b   Thumb Code     0  libinit2.o(.ARM.Collect$$libinit$$00000004)
    __rt_lib_init_return                     0x0800015b   Thumb Code     0  libinit2.o(.ARM.Collect$$libinit$$00000035)
    __rt_lib_init_signal_1                   0x0800015b   Thumb Code     0  libinit2.o(.ARM.Collect$$libinit$$0000001F)
    __rt_lib_init_stdio_1                    0x0800015b   Thumb Code     0  libinit2.o(.ARM.Collect$$libinit$$00000027)
    __rt_lib_init_user_alloc_1               0x0800015b   Thumb Code     0  libinit2.o(.ARM.Collect$$libinit$$0000000E)
    __rt_lib_shutdown                        0x0800015d   Thumb Code     0  libshutdown.o(.ARM.Collect$$libshutdown$$00000000)
    __rt_lib_shutdown_cpp_1                  0x0800015f   Thumb Code     0  libshutdown2.o(.ARM.Collect$$libshutdown$$00000002)
    __rt_lib_shutdown_fp_trap_1              0x0800015f   Thumb Code     0  libshutdown2.o(.ARM.Collect$$libshutdown$$00000007)
    __rt_lib_shutdown_heap_1                 0x0800015f   Thumb Code     0  libshutdown2.o(.ARM.Collect$$libshutdown$$0000000F)
    __rt_lib_shutdown_return                 0x0800015f   Thumb Code     0  libshutdown2.o(.ARM.Collect$$libshutdown$$00000010)
    __rt_lib_shutdown_signal_1               0x0800015f   Thumb Code     0  libshutdown2.o(.ARM.Collect$$libshutdown$$0000000A)
    __rt_lib_shutdown_stdio_1                0x0800015f   Thumb Code     0  libshutdown2.o(.ARM.Collect$$libshutdown$$00000004)
    __rt_lib_shutdown_user_alloc_1           0x0800015f   Thumb Code     0  libshutdown2.o(.ARM.Collect$$libshutdown$$0000000C)
    __rt_entry                               0x08000161   Thumb Code     0  __rtentry.o(.ARM.Collect$$rtentry$$00000000)
    __rt_entry_presh_1                       0x08000161   Thumb Code     0  __rtentry2.o(.ARM.Collect$$rtentry$$00000002)
    __rt_entry_sh                            0x08000161   Thumb Code     0  __rtentry4.o(.ARM.Collect$$rtentry$$00000004)
    __rt_entry_li                            0x08000167   Thumb Code     0  __rtentry2.o(.ARM.Collect$$rtentry$$0000000A)
    __rt_entry_postsh_1                      0x08000167   Thumb Code     0  __rtentry2.o(.ARM.Collect$$rtentry$$00000009)
    __rt_entry_main                          0x0800016b   Thumb Code     0  __rtentry2.o(.ARM.Collect$$rtentry$$0000000D)
    __rt_entry_postli_1                      0x0800016b   Thumb Code     0  __rtentry2.o(.ARM.Collect$$rtentry$$0000000C)
    __rt_exit                                0x08000173   Thumb Code     0  rtexit.o(.ARM.Collect$$rtexit$$00000000)
    __rt_exit_ls                             0x08000175   Thumb Code     0  rtexit2.o(.ARM.Collect$$rtexit$$00000003)
    __rt_exit_prels_1                        0x08000175   Thumb Code     0  rtexit2.o(.ARM.Collect$$rtexit$$00000002)
    __rt_exit_exit                           0x08000179   Thumb Code     0  rtexit2.o(.ARM.Collect$$rtexit$$00000004)
    Reset_Handler                            0x08000181   Thumb Code    38  startup_stm32f042x6.o(.text)
    ADC1_IRQHandler                          0x080001b1   Thumb Code     0  startup_stm32f042x6.o(.text)
    CEC_CAN_IRQHandler                       0x080001b1   Thumb Code     0  startup_stm32f042x6.o(.text)
    DMA1_Channel1_IRQHandler                 0x080001b1   Thumb Code     0  startup_stm32f042x6.o(.text)
    DMA1_Channel4_5_IRQHandler               0x080001b1   Thumb Code     0  startup_stm32f042x6.o(.text)
    EXTI0_1_IRQHandler                       0x080001b1   Thumb Code     0  startup_stm32f042x6.o(.text)
    EXTI2_3_IRQHandler                       0x080001b1   Thumb Code     0  startup_stm32f042x6.o(.text)
    EXTI4_15_IRQHandler                      0x080001b1   Thumb Code     0  startup_stm32f042x6.o(.text)
    FLASH_IRQHandler                         0x080001b1   Thumb Code     0  startup_stm32f042x6.o(.text)
    I2C1_IRQHandler                          0x080001b1   Thumb Code     0  startup_stm32f042x6.o(.text)
    PVD_VDDIO2_IRQHandler                    0x080001b1   Thumb Code     0  startup_stm32f042x6.o(.text)
    RCC_CRS_IRQHandler                       0x080001b1   Thumb Code     0  startup_stm32f042x6.o(.text)
    RTC_IRQHandler                           0x080001b1   Thumb Code     0  startup_stm32f042x6.o(.text)
    SPI1_IRQHandler                          0x080001b1   Thumb Code     0  startup_stm32f042x6.o(.text)
    SPI2_IRQHandler                          0x080001b1   Thumb Code     0  startup_stm32f042x6.o(.text)
    TIM14_IRQHandler                         0x080001b1   Thumb Code     0  startup_stm32f042x6.o(.text)
    TIM16_IRQHandler                         0x080001b1   Thumb Code     0  startup_stm32f042x6.o(.text)
    TIM17_IRQHandler                         0x080001b1   Thumb Code     0  startup_stm32f042x6.o(.text)
    TIM1_BRK_UP_TRG_COM_IRQHandler           0x080001b1   Thumb Code     0  startup_stm32f042x6.o(.text)
    TIM1_CC_IRQHandler                       0x080001b1   Thumb Code     0  startup_stm32f042x6.o(.text)
    TIM2_IRQHandler                          0x080001b1   Thumb Code     0  startup_stm32f042x6.o(.text)
    TIM3_IRQHandler                          0x080001b1   Thumb Code     0  startup_stm32f042x6.o(.text)
    TSC_IRQHandler                           0x080001b1   Thumb Code     0  startup_stm32f042x6.o(.text)
    USART1_IRQHandler                        0x080001b1   Thumb Code     0  startup_stm32f042x6.o(.text)
    USART2_IRQHandler                        0x080001b1   Thumb Code     0  startup_stm32f042x6.o(.text)
    USB_IRQHandler                           0x080001b1   Thumb Code     0  startup_stm32f042x6.o(.text)
    WWDG_IRQHandler                          0x080001b1   Thumb Code     0  startup_stm32f042x6.o(.text)
    __user_initial_stackheap                 0x080001b5   Thumb Code     0  startup_stm32f042x6.o(.text)
    _memset_w                                0x080001f5   Thumb Code    26  rt_memclr.o(.text)
    _memset                                  0x0800020f   Thumb Code    30  rt_memclr.o(.text)
    __aeabi_memclr                           0x0800022d   Thumb Code     4  rt_memclr.o(.text)
    __rt_memclr                              0x0800022d   Thumb Code     0  rt_memclr.o(.text)
    __aeabi_memclr4                          0x08000231   Thumb Code     0  rt_memclr.o(.text)
    __aeabi_memclr8                          0x08000231   Thumb Code     0  rt_memclr.o(.text)
    __rt_memclr_w                            0x08000231   Thumb Code     4  rt_memclr.o(.text)
    __use_two_region_memory                  0x08000235   Thumb Code     2  heapauxi.o(.text)
    __rt_heap_escrow$2region                 0x08000237   Thumb Code     2  heapauxi.o(.text)
    __rt_heap_expand$2region                 0x08000239   Thumb Code     2  heapauxi.o(.text)
    __user_setup_stackheap                   0x0800023b   Thumb Code    62  sys_stackheap_outer.o(.text)
    exit                                     0x08000279   Thumb Code    16  exit.o(.text)
    __user_libspace                          0x08000289   Thumb Code     8  libspace.o(.text)
    __user_perproc_libspace                  0x08000289   Thumb Code     0  libspace.o(.text)
    __user_perthread_libspace                0x08000289   Thumb Code     0  libspace.o(.text)
    _sys_exit                                0x08000291   Thumb Code     8  sys_exit.o(.text)
    __I$use$semihosting                      0x0800029d   Thumb Code     0  use_no_semi.o(.text)
    __use_no_semihosting_swi                 0x0800029d   Thumb Code     2  use_no_semi.o(.text)
    __semihosting_library_function           0x0800029f   Thumb Code     0  indicate_semi.o(.text)
    DMA1_Channel2_3_IRQHandler               0x080002a1   Thumb Code    12  stm32f0xx_it.o(.text.DMA1_Channel2_3_IRQHandler)
    Error_Handler                            0x080002b1   Thumb Code     2  main.o(.text.Error_Handler)
    HAL_DMA_IRQHandler                       0x080002b3   Thumb Code   210  stm32f0xx_hal_dma.o(.text.HAL_DMA_IRQHandler)
    HAL_DMA_Init                             0x08000385   Thumb Code   112  stm32f0xx_hal_dma.o(.text.HAL_DMA_Init)
    HAL_DMA_Start_IT                         0x08000401   Thumb Code   130  stm32f0xx_hal_dma.o(.text.HAL_DMA_Start_IT)
    HAL_Delay                                0x08000485   Thumb Code    32  stm32f0xx_hal.o(.text.HAL_Delay)
    HAL_GPIO_Init                            0x080004a5   Thumb Code   376  stm32f0xx_hal_gpio.o(.text.HAL_GPIO_Init)
    HAL_GPIO_ReadPin                         0x0800062d   Thumb Code    10  stm32f0xx_hal_gpio.o(.text.HAL_GPIO_ReadPin)
    HAL_GPIO_WritePin                        0x08000637   Thumb Code    16  stm32f0xx_hal_gpio.o(.text.HAL_GPIO_WritePin)
    HAL_GetTick                              0x08000649   Thumb Code     8  stm32f0xx_hal.o(.text.HAL_GetTick)
    HAL_HalfDuplex_Init                      0x08000651   Thumb Code   118  stm32f0xx_hal_uart.o(.text.HAL_HalfDuplex_Init)
    HAL_IWDG_Init                            0x080006c9   Thumb Code    88  stm32f0xx_hal_iwdg.o(.text.HAL_IWDG_Init)
    HAL_IWDG_Refresh                         0x08000729   Thumb Code    12  stm32f0xx_hal_iwdg.o(.text.HAL_IWDG_Refresh)
    HAL_IncTick                              0x08000739   Thumb Code    16  stm32f0xx_hal.o(.text.HAL_IncTick)
    HAL_Init                                 0x0800074d   Thumb Code    28  stm32f0xx_hal.o(.text.HAL_Init)
    HAL_InitTick                             0x08000769   Thumb Code    60  stm32f0xx_hal.o(.text.HAL_InitTick)
    HAL_MspInit                              0x080007ad   Thumb Code    40  stm32f0xx_hal_msp.o(.text.HAL_MspInit)
    HAL_NVIC_EnableIRQ                       0x080007d9   Thumb Code    20  stm32f0xx_hal_cortex.o(.text.HAL_NVIC_EnableIRQ)
    HAL_NVIC_SetPriority                     0x080007f1   Thumb Code    48  stm32f0xx_hal_cortex.o(.text.HAL_NVIC_SetPriority)
    HAL_NVIC_SystemReset                     0x08000829   Thumb Code    20  stm32f0xx_hal_cortex.o(.text.HAL_NVIC_SystemReset)
    HAL_RCCEx_PeriphCLKConfig                0x08000845   Thumb Code   288  stm32f0xx_hal_rcc_ex.o(.text.HAL_RCCEx_PeriphCLKConfig)
    HAL_RCC_ClockConfig                      0x08000971   Thumb Code   340  stm32f0xx_hal_rcc.o(.text.HAL_RCC_ClockConfig)
    HAL_RCC_GetHCLKFreq                      0x08000ad1   Thumb Code     8  stm32f0xx_hal_rcc.o(.text.HAL_RCC_GetHCLKFreq)
    HAL_RCC_GetPCLK1Freq                     0x08000ad9   Thumb Code    20  stm32f0xx_hal_rcc.o(.text.HAL_RCC_GetPCLK1Freq)
    HAL_RCC_GetSysClockFreq                  0x08000af5   Thumb Code    76  stm32f0xx_hal_rcc.o(.text.HAL_RCC_GetSysClockFreq)
    HAL_RCC_OscConfig                        0x08000b55   Thumb Code  1112  stm32f0xx_hal_rcc.o(.text.HAL_RCC_OscConfig)
    HAL_SPI_ErrorCallback                    0x08000fb5   Thumb Code     2  stm32f0xx_hal_spi.o(.text.HAL_SPI_ErrorCallback)
    HAL_SPI_Init                             0x08000fb9   Thumb Code   244  stm32f0xx_hal_spi.o(.text.HAL_SPI_Init)
    HAL_SPI_MspInit                          0x080010ad   Thumb Code   140  stm32f0xx_hal_msp.o(.text.HAL_SPI_MspInit)
    HAL_SPI_Receive_DMA                      0x0800114d   Thumb Code   304  stm32f0xx_hal_spi.o(.text.HAL_SPI_Receive_DMA)
    HAL_SPI_RxCpltCallback                   0x08001285   Thumb Code    52  main.o(.text.HAL_SPI_RxCpltCallback)
    HAL_SPI_RxHalfCpltCallback               0x080012c1   Thumb Code     2  stm32f0xx_hal_spi.o(.text.HAL_SPI_RxHalfCpltCallback)
    HAL_SPI_TransmitReceive_DMA              0x080012c5   Thumb Code   416  stm32f0xx_hal_spi.o(.text.HAL_SPI_TransmitReceive_DMA)
    HAL_SPI_TxRxCpltCallback                 0x0800147d   Thumb Code     2  stm32f0xx_hal_spi.o(.text.HAL_SPI_TxRxCpltCallback)
    HAL_SPI_TxRxHalfCpltCallback             0x0800147f   Thumb Code     2  stm32f0xx_hal_spi.o(.text.HAL_SPI_TxRxHalfCpltCallback)
    HAL_SYSTICK_CLKSourceConfig              0x08001481   Thumb Code    24  stm32f0xx_hal_cortex.o(.text.HAL_SYSTICK_CLKSourceConfig)
    HAL_SYSTICK_Config                       0x08001499   Thumb Code    40  stm32f0xx_hal_cortex.o(.text.HAL_SYSTICK_Config)
    HAL_TIMEx_ConfigBreakDeadTime            0x080014cd   Thumb Code    90  stm32f0xx_hal_tim_ex.o(.text.HAL_TIMEx_ConfigBreakDeadTime)
    HAL_TIMEx_MasterConfigSynchronization    0x08001529   Thumb Code    80  stm32f0xx_hal_tim_ex.o(.text.HAL_TIMEx_MasterConfigSynchronization)
    HAL_TIMEx_PWMN_Start                     0x08001579   Thumb Code   140  stm32f0xx_hal_tim_ex.o(.text.HAL_TIMEx_PWMN_Start)
    HAL_TIM_Base_Init                        0x08001605   Thumb Code    70  stm32f0xx_hal_tim.o(.text.HAL_TIM_Base_Init)
    HAL_TIM_Base_MspInit                     0x0800164d   Thumb Code   132  stm32f0xx_hal_msp.o(.text.HAL_TIM_Base_MspInit)
    HAL_TIM_Base_Start                       0x080016d5   Thumb Code    64  stm32f0xx_hal_tim.o(.text.HAL_TIM_Base_Start)
    HAL_TIM_ConfigClockSource                0x0800171d   Thumb Code   336  stm32f0xx_hal_tim.o(.text.HAL_TIM_ConfigClockSource)
    HAL_TIM_MspPostInit                      0x08001871   Thumb Code   248  stm32f0xx_hal_msp.o(.text.HAL_TIM_MspPostInit)
    HAL_TIM_PWM_ConfigChannel                0x08001989   Thumb Code   612  stm32f0xx_hal_tim.o(.text.HAL_TIM_PWM_ConfigChannel)
    HAL_TIM_PWM_Init                         0x08001bfd   Thumb Code    70  stm32f0xx_hal_tim.o(.text.HAL_TIM_PWM_Init)
    HAL_TIM_PWM_MspInit                      0x08001c43   Thumb Code     2  stm32f0xx_hal_tim.o(.text.HAL_TIM_PWM_MspInit)
    HAL_TIM_PWM_Start                        0x08001c45   Thumb Code   172  stm32f0xx_hal_tim.o(.text.HAL_TIM_PWM_Start)
    HAL_UART_MspInit                         0x08001d05   Thumb Code    92  stm32f0xx_hal_msp.o(.text.HAL_UART_MspInit)
    HardFault_Handler                        0x08001d6d   Thumb Code     2  stm32f0xx_it.o(.text.HardFault_Handler)
    NMI_Handler                              0x08001d6f   Thumb Code     2  stm32f0xx_it.o(.text.NMI_Handler)
    PendSV_Handler                           0x08001d71   Thumb Code     2  stm32f0xx_it.o(.text.PendSV_Handler)
    SVC_Handler                              0x080020bd   Thumb Code     2  stm32f0xx_it.o(.text.SVC_Handler)
    SysTick_Handler                          0x080020bf   Thumb Code     8  stm32f0xx_it.o(.text.SysTick_Handler)
    SystemClock_Config                       0x080020c7   Thumb Code   130  main.o(.text.SystemClock_Config)
    SystemInit                               0x08002149   Thumb Code    76  system_stm32f0xx.o(.text.SystemInit)
    TIM_Base_SetConfig                       0x080021a1   Thumb Code   148  stm32f0xx_hal_tim.o(.text.TIM_Base_SetConfig)
    UART_AdvFeatureConfig                    0x0800224d   Thumb Code   210  stm32f0xx_hal_uart.o(.text.UART_AdvFeatureConfig)
    UART_CheckIdleState                      0x08002321   Thumb Code   192  stm32f0xx_hal_uart.o(.text.UART_CheckIdleState)
    UART_SetConfig                           0x080023e5   Thumb Code   296  stm32f0xx_hal_uart.o(.text.UART_SetConfig)
    UART_WaitOnFlagUntilTimeout              0x08002535   Thumb Code   318  stm32f0xx_hal_uart.o(.text.UART_WaitOnFlagUntilTimeout)
    main                                     0x08002675   Thumb Code  1080  main.o(.text.main)
    set_pwm                                  0x08002ae9   Thumb Code   276  helpers.o(.text.set_pwm)
    timer_init                               0x08002c05   Thumb Code   240  helpers.o(.text.timer_init)
    __aeabi_uidiv                            0x08002d11   Thumb Code    68  aeabi_sdivfast.o(.text_divfast)
    __aeabi_idiv                             0x08002d55   Thumb Code   434  aeabi_sdivfast.o(.text_divfast)
    AHBPrescTable                            0x08002f06   Data          16  system_stm32f0xx.o(.rodata.AHBPrescTable)
    APBPrescTable                            0x08002f16   Data           8  system_stm32f0xx.o(.rodata.APBPrescTable)
    Region$$Table$$Base                      0x08002f40   Number         0  anon$$obj.o(Region$$Table)
    Region$$Table$$Limit                     0x08002f60   Number         0  anon$$obj.o(Region$$Table)
    SystemCoreClock                          0x20000000   Data           4  system_stm32f0xx.o(.data.SystemCoreClock)
    uwTickFreq                               0x20000004   Data           1  stm32f0xx_hal.o(.data.uwTickFreq)
    uwTickPrio                               0x20000008   Data           4  stm32f0xx_hal.o(.data.uwTickPrio)
    __libspace_start                         0x20000010   Data          96  libspace.o(.bss)
    __temporary_stack_top$libspace           0x20000070   Data           0  libspace.o(.bss)
    hdma_spi1_rx                             0x20000070   Data          68  main.o(.bss.hdma_spi1_rx)
    hiwdg                                    0x200000b4   Data          16  main.o(.bss.hiwdg)
    hspi1                                    0x200000c4   Data         100  main.o(.bss.hspi1)
    htim1                                    0x20000128   Data          72  main.o(.bss.htim1)
    htim14                                   0x20000170   Data          72  main.o(.bss.htim14)
    htim16                                   0x200001b8   Data          72  main.o(.bss.htim16)
    htim17                                   0x20000200   Data          72  main.o(.bss.htim17)
    htim2                                    0x20000248   Data          72  main.o(.bss.htim2)
    htim3                                    0x20000290   Data          72  main.o(.bss.htim3)
    huart1                                   0x200002d8   Data         136  main.o(.bss.huart1)
    spi_recv_buf                             0x20000360   Data          16  helpers.o(.bss.spi_recv_buf)
    uwTick                                   0x20000370   Data           4  stm32f0xx_hal.o(.bss.uwTick)



==============================================================================

Memory Map of the image

  Image Entry point : 0x080000c1

  Load Region LR_IROM1 (Base: 0x08000000, Size: 0x00002f70, Max: 0x00008000, ABSOLUTE)

    Execution Region ER_IROM1 (Exec base: 0x08000000, Load base: 0x08000000, Size: 0x00002f60, Max: 0x00008000, ABSOLUTE)

    Exec Addr    Load Addr    Size         Type   Attr      Idx    E Section Name        Object

    0x08000000   0x08000000   0x000000c0   Data   RO            3    RESET               startup_stm32f042x6.o
    0x080000c0   0x080000c0   0x00000008   Code   RO         1269  * !!!main             c_p.l(__main.o)
    0x080000c8   0x080000c8   0x00000054   Code   RO         1446    !!!scatter          c_p.l(__scatter.o)
    0x0800011c   0x0800011c   0x0000001a   Code   RO         1450    !!handler_copy      c_p.l(__scatter_copy.o)
    0x08000136   0x08000136   0x00000002   PAD
    0x08000138   0x08000138   0x00000002   Code   RO         1447    !!handler_null      c_p.l(__scatter.o)
    0x0800013a   0x0800013a   0x00000002   PAD
    0x0800013c   0x0800013c   0x0000001c   Code   RO         1452    !!handler_zi        c_p.l(__scatter_zi.o)
    0x08000158   0x08000158   0x00000002   Code   RO         1307    .ARM.Collect$$libinit$$00000000  c_p.l(libinit.o)
    0x0800015a   0x0800015a   0x00000000   Code   RO         1321    .ARM.Collect$$libinit$$00000002  c_p.l(libinit2.o)
    0x0800015a   0x0800015a   0x00000000   Code   RO         1323    .ARM.Collect$$libinit$$00000004  c_p.l(libinit2.o)
    0x0800015a   0x0800015a   0x00000000   Code   RO         1325    .ARM.Collect$$libinit$$00000006  c_p.l(libinit2.o)
    0x0800015a   0x0800015a   0x00000000   Code   RO         1328    .ARM.Collect$$libinit$$0000000C  c_p.l(libinit2.o)
    0x0800015a   0x0800015a   0x00000000   Code   RO         1330    .ARM.Collect$$libinit$$0000000E  c_p.l(libinit2.o)
    0x0800015a   0x0800015a   0x00000000   Code   RO         1332    .ARM.Collect$$libinit$$00000010  c_p.l(libinit2.o)
    0x0800015a   0x0800015a   0x00000000   Code   RO         1335    .ARM.Collect$$libinit$$00000013  c_p.l(libinit2.o)
    0x0800015a   0x0800015a   0x00000000   Code   RO         1337    .ARM.Collect$$libinit$$00000015  c_p.l(libinit2.o)
    0x0800015a   0x0800015a   0x00000000   Code   RO         1339    .ARM.Collect$$libinit$$00000017  c_p.l(libinit2.o)
    0x0800015a   0x0800015a   0x00000000   Code   RO         1341    .ARM.Collect$$libinit$$00000019  c_p.l(libinit2.o)
    0x0800015a   0x0800015a   0x00000000   Code   RO         1343    .ARM.Collect$$libinit$$0000001B  c_p.l(libinit2.o)
    0x0800015a   0x0800015a   0x00000000   Code   RO         1345    .ARM.Collect$$libinit$$0000001D  c_p.l(libinit2.o)
    0x0800015a   0x0800015a   0x00000000   Code   RO         1347    .ARM.Collect$$libinit$$0000001F  c_p.l(libinit2.o)
    0x0800015a   0x0800015a   0x00000000   Code   RO         1349    .ARM.Collect$$libinit$$00000021  c_p.l(libinit2.o)
    0x0800015a   0x0800015a   0x00000000   Code   RO         1351    .ARM.Collect$$libinit$$00000023  c_p.l(libinit2.o)
    0x0800015a   0x0800015a   0x00000000   Code   RO         1353    .ARM.Collect$$libinit$$00000025  c_p.l(libinit2.o)
    0x0800015a   0x0800015a   0x00000000   Code   RO         1355    .ARM.Collect$$libinit$$00000027  c_p.l(libinit2.o)
    0x0800015a   0x0800015a   0x00000000   Code   RO         1359    .ARM.Collect$$libinit$$0000002E  c_p.l(libinit2.o)
    0x0800015a   0x0800015a   0x00000000   Code   RO         1361    .ARM.Collect$$libinit$$00000030  c_p.l(libinit2.o)
    0x0800015a   0x0800015a   0x00000000   Code   RO         1363    .ARM.Collect$$libinit$$00000032  c_p.l(libinit2.o)
    0x0800015a   0x0800015a   0x00000000   Code   RO         1365    .ARM.Collect$$libinit$$00000034  c_p.l(libinit2.o)
    0x0800015a   0x0800015a   0x00000002   Code   RO         1366    .ARM.Collect$$libinit$$00000035  c_p.l(libinit2.o)
    0x0800015c   0x0800015c   0x00000002   Code   RO         1401    .ARM.Collect$$libshutdown$$00000000  c_p.l(libshutdown.o)
    0x0800015e   0x0800015e   0x00000000   Code   RO         1429    .ARM.Collect$$libshutdown$$00000002  c_p.l(libshutdown2.o)
    0x0800015e   0x0800015e   0x00000000   Code   RO         1431    .ARM.Collect$$libshutdown$$00000004  c_p.l(libshutdown2.o)
    0x0800015e   0x0800015e   0x00000000   Code   RO         1434    .ARM.Collect$$libshutdown$$00000007  c_p.l(libshutdown2.o)
    0x0800015e   0x0800015e   0x00000000   Code   RO         1437    .ARM.Collect$$libshutdown$$0000000A  c_p.l(libshutdown2.o)
    0x0800015e   0x0800015e   0x00000000   Code   RO         1439    .ARM.Collect$$libshutdown$$0000000C  c_p.l(libshutdown2.o)
    0x0800015e   0x0800015e   0x00000000   Code   RO         1442    .ARM.Collect$$libshutdown$$0000000F  c_p.l(libshutdown2.o)
    0x0800015e   0x0800015e   0x00000002   Code   RO         1443    .ARM.Collect$$libshutdown$$00000010  c_p.l(libshutdown2.o)
    0x08000160   0x08000160   0x00000000   Code   RO         1271    .ARM.Collect$$rtentry$$00000000  c_p.l(__rtentry.o)
    0x08000160   0x08000160   0x00000000   Code   RO         1277    .ARM.Collect$$rtentry$$00000002  c_p.l(__rtentry2.o)
    0x08000160   0x08000160   0x00000006   Code   RO         1289    .ARM.Collect$$rtentry$$00000004  c_p.l(__rtentry4.o)
    0x08000166   0x08000166   0x00000000   Code   RO         1279    .ARM.Collect$$rtentry$$00000009  c_p.l(__rtentry2.o)
    0x08000166   0x08000166   0x00000004   Code   RO         1280    .ARM.Collect$$rtentry$$0000000A  c_p.l(__rtentry2.o)
    0x0800016a   0x0800016a   0x00000000   Code   RO         1282    .ARM.Collect$$rtentry$$0000000C  c_p.l(__rtentry2.o)
    0x0800016a   0x0800016a   0x00000008   Code   RO         1283    .ARM.Collect$$rtentry$$0000000D  c_p.l(__rtentry2.o)
    0x08000172   0x08000172   0x00000002   Code   RO         1312    .ARM.Collect$$rtexit$$00000000  c_p.l(rtexit.o)
    0x08000174   0x08000174   0x00000000   Code   RO         1372    .ARM.Collect$$rtexit$$00000002  c_p.l(rtexit2.o)
    0x08000174   0x08000174   0x00000004   Code   RO         1373    .ARM.Collect$$rtexit$$00000003  c_p.l(rtexit2.o)
    0x08000178   0x08000178   0x00000006   Code   RO         1374    .ARM.Collect$$rtexit$$00000004  c_p.l(rtexit2.o)
    0x0800017e   0x0800017e   0x00000002   PAD
    0x08000180   0x08000180   0x00000074   Code   RO            4    .text               startup_stm32f042x6.o
    0x080001f4   0x080001f4   0x00000040   Code   RO         1257    .text               c_p.l(rt_memclr.o)
    0x08000234   0x08000234   0x00000006   Code   RO         1267    .text               c_p.l(heapauxi.o)
    0x0800023a   0x0800023a   0x0000003e   Code   RO         1293    .text               c_p.l(sys_stackheap_outer.o)
    0x08000278   0x08000278   0x00000010   Code   RO         1296    .text               c_p.l(exit.o)
    0x08000288   0x08000288   0x00000008   Code   RO         1308    .text               c_p.l(libspace.o)
    0x08000290   0x08000290   0x0000000c   Code   RO         1367    .text               c_p.l(sys_exit.o)
    0x0800029c   0x0800029c   0x00000002   Code   RO         1390    .text               c_p.l(use_no_semi.o)
    0x0800029e   0x0800029e   0x00000000   Code   RO         1392    .text               c_p.l(indicate_semi.o)
    0x0800029e   0x0800029e   0x00000002   PAD
    0x080002a0   0x080002a0   0x00000010   Code   RO           78    .text.DMA1_Channel2_3_IRQHandler  stm32f0xx_it.o
    0x080002b0   0x080002b0   0x00000002   Code   RO           45    .text.Error_Handler  main.o
    0x080002b2   0x080002b2   0x000000d2   Code   RO          459    .text.HAL_DMA_IRQHandler  stm32f0xx_hal_dma.o
    0x08000384   0x08000384   0x0000007c   Code   RO          445    .text.HAL_DMA_Init  stm32f0xx_hal_dma.o
    0x08000400   0x08000400   0x00000082   Code   RO          451    .text.HAL_DMA_Start_IT  stm32f0xx_hal_dma.o
    0x08000482   0x08000482   0x00000002   PAD
    0x08000484   0x08000484   0x00000020   Code   RO          210    .text.HAL_Delay     stm32f0xx_hal.o
    0x080004a4   0x080004a4   0x00000188   Code   RO          421    .text.HAL_GPIO_Init  stm32f0xx_hal_gpio.o
    0x0800062c   0x0800062c   0x0000000a   Code   RO          425    .text.HAL_GPIO_ReadPin  stm32f0xx_hal_gpio.o
    0x08000636   0x08000636   0x00000010   Code   RO          427    .text.HAL_GPIO_WritePin  stm32f0xx_hal_gpio.o
    0x08000646   0x08000646   0x00000002   PAD
    0x08000648   0x08000648   0x00000008   Code   RO          202    .text.HAL_GetTick   stm32f0xx_hal.o
    0x08000650   0x08000650   0x00000076   Code   RO         1102    .text.HAL_HalfDuplex_Init  stm32f0xx_hal_uart.o
    0x080006c6   0x080006c6   0x00000002   PAD
    0x080006c8   0x080006c8   0x00000060   Code   RO          111    .text.HAL_IWDG_Init  stm32f0xx_hal_iwdg.o
    0x08000728   0x08000728   0x00000010   Code   RO          113    .text.HAL_IWDG_Refresh  stm32f0xx_hal_iwdg.o
    0x08000738   0x08000738   0x00000014   Code   RO          200    .text.HAL_IncTick   stm32f0xx_hal.o
    0x0800074c   0x0800074c   0x0000001c   Code   RO          190    .text.HAL_Init      stm32f0xx_hal.o
    0x08000768   0x08000768   0x00000044   Code   RO          192    .text.HAL_InitTick  stm32f0xx_hal.o
    0x080007ac   0x080007ac   0x0000002c   Code   RO           87    .text.HAL_MspInit   stm32f0xx_hal_msp.o
    0x080007d8   0x080007d8   0x00000018   Code   RO          479    .text.HAL_NVIC_EnableIRQ  stm32f0xx_hal_cortex.o
    0x080007f0   0x080007f0   0x00000038   Code   RO          477    .text.HAL_NVIC_SetPriority  stm32f0xx_hal_cortex.o
    0x08000828   0x08000828   0x0000001c   Code   RO          483    .text.HAL_NVIC_SystemReset  stm32f0xx_hal_cortex.o
    0x08000844   0x08000844   0x0000012c   Code   RO          158    .text.HAL_RCCEx_PeriphCLKConfig  stm32f0xx_hal_rcc_ex.o
    0x08000970   0x08000970   0x00000160   Code   RO          127    .text.HAL_RCC_ClockConfig  stm32f0xx_hal_rcc.o
    0x08000ad0   0x08000ad0   0x00000008   Code   RO          137    .text.HAL_RCC_GetHCLKFreq  stm32f0xx_hal_rcc.o
    0x08000ad8   0x08000ad8   0x0000001c   Code   RO          139    .text.HAL_RCC_GetPCLK1Freq  stm32f0xx_hal_rcc.o
    0x08000af4   0x08000af4   0x00000060   Code   RO          129    .text.HAL_RCC_GetSysClockFreq  stm32f0xx_hal_rcc.o
    0x08000b54   0x08000b54   0x00000460   Code   RO          125    .text.HAL_RCC_OscConfig  stm32f0xx_hal_rcc.o
    0x08000fb4   0x08000fb4   0x00000002   Code   RO          734    .text.HAL_SPI_ErrorCallback  stm32f0xx_hal_spi.o
    0x08000fb6   0x08000fb6   0x00000002   PAD
    0x08000fb8   0x08000fb8   0x000000f4   Code   RO          648    .text.HAL_SPI_Init  stm32f0xx_hal_spi.o
    0x080010ac   0x080010ac   0x000000a0   Code   RO           89    .text.HAL_SPI_MspInit  stm32f0xx_hal_msp.o
    0x0800114c   0x0800114c   0x00000138   Code   RO          694    .text.HAL_SPI_Receive_DMA  stm32f0xx_hal_spi.o
    0x08001284   0x08001284   0x0000003c   Code   RO           47    .text.HAL_SPI_RxCpltCallback  main.o
    0x080012c0   0x080012c0   0x00000002   Code   RO          744    .text.HAL_SPI_RxHalfCpltCallback  stm32f0xx_hal_spi.o
    0x080012c2   0x080012c2   0x00000002   PAD
    0x080012c4   0x080012c4   0x000001b8   Code   RO          696    .text.HAL_SPI_TransmitReceive_DMA  stm32f0xx_hal_spi.o
    0x0800147c   0x0800147c   0x00000002   Code   RO          740    .text.HAL_SPI_TxRxCpltCallback  stm32f0xx_hal_spi.o
    0x0800147e   0x0800147e   0x00000002   Code   RO          746    .text.HAL_SPI_TxRxHalfCpltCallback  stm32f0xx_hal_spi.o
    0x08001480   0x08001480   0x00000018   Code   RO          495    .text.HAL_SYSTICK_CLKSourceConfig  stm32f0xx_hal_cortex.o
    0x08001498   0x08001498   0x00000034   Code   RO          485    .text.HAL_SYSTICK_Config  stm32f0xx_hal_cortex.o
    0x080014cc   0x080014cc   0x0000005a   Code   RO         1070    .text.HAL_TIMEx_ConfigBreakDeadTime  stm32f0xx_hal_tim_ex.o
    0x08001526   0x08001526   0x00000002   PAD
    0x08001528   0x08001528   0x00000050   Code   RO         1068    .text.HAL_TIMEx_MasterConfigSynchronization  stm32f0xx_hal_tim_ex.o
    0x08001578   0x08001578   0x0000008c   Code   RO         1038    .text.HAL_TIMEx_PWMN_Start  stm32f0xx_hal_tim_ex.o
    0x08001604   0x08001604   0x00000046   Code   RO          773    .text.HAL_TIM_Base_Init  stm32f0xx_hal_tim.o
    0x0800164a   0x0800164a   0x00000002   PAD
    0x0800164c   0x0800164c   0x00000088   Code   RO           93    .text.HAL_TIM_Base_MspInit  stm32f0xx_hal_msp.o
    0x080016d4   0x080016d4   0x00000048   Code   RO          783    .text.HAL_TIM_Base_Start  stm32f0xx_hal_tim.o
    0x0800171c   0x0800171c   0x00000154   Code   RO          953    .text.HAL_TIM_ConfigClockSource  stm32f0xx_hal_tim.o
    0x08001870   0x08001870   0x00000118   Code   RO           95    .text.HAL_TIM_MspPostInit  stm32f0xx_hal_msp.o
    0x08001988   0x08001988   0x00000274   Code   RO          927    .text.HAL_TIM_PWM_ConfigChannel  stm32f0xx_hal_tim.o
    0x08001bfc   0x08001bfc   0x00000046   Code   RO          827    .text.HAL_TIM_PWM_Init  stm32f0xx_hal_tim.o
    0x08001c42   0x08001c42   0x00000002   Code   RO          829    .text.HAL_TIM_PWM_MspInit  stm32f0xx_hal_tim.o
    0x08001c44   0x08001c44   0x000000c0   Code   RO          835    .text.HAL_TIM_PWM_Start  stm32f0xx_hal_tim.o
    0x08001d04   0x08001d04   0x00000068   Code   RO           99    .text.HAL_UART_MspInit  stm32f0xx_hal_msp.o
    0x08001d6c   0x08001d6c   0x00000002   Code   RO           70    .text.HardFault_Handler  stm32f0xx_it.o
    0x08001d6e   0x08001d6e   0x00000002   Code   RO           68    .text.NMI_Handler   stm32f0xx_it.o
    0x08001d70   0x08001d70   0x00000002   Code   RO           74    .text.PendSV_Handler  stm32f0xx_it.o
    0x08001d72   0x08001d72   0x00000022   Code   RO          692    .text.SPI_DMAError  stm32f0xx_hal_spi.o
    0x08001d94   0x08001d94   0x0000000a   Code   RO          698    .text.SPI_DMAHalfReceiveCplt  stm32f0xx_hal_spi.o
    0x08001d9e   0x08001d9e   0x0000000a   Code   RO          702    .text.SPI_DMAHalfTransmitReceiveCplt  stm32f0xx_hal_spi.o
    0x08001da8   0x08001da8   0x0000006a   Code   RO          700    .text.SPI_DMAReceiveCplt  stm32f0xx_hal_spi.o
    0x08001e12   0x08001e12   0x00000092   Code   RO          704    .text.SPI_DMATransmitReceiveCplt  stm32f0xx_hal_spi.o
    0x08001ea4   0x08001ea4   0x0000007e   Code   RO          662    .text.SPI_EndRxTransaction  stm32f0xx_hal_spi.o
    0x08001f22   0x08001f22   0x00000002   PAD
    0x08001f24   0x08001f24   0x000000e0   Code   RO          712    .text.SPI_WaitFifoStateUntilTimeout  stm32f0xx_hal_spi.o
    0x08002004   0x08002004   0x000000b8   Code   RO          714    .text.SPI_WaitFlagStateUntilTimeout  stm32f0xx_hal_spi.o
    0x080020bc   0x080020bc   0x00000002   Code   RO           72    .text.SVC_Handler   stm32f0xx_it.o
    0x080020be   0x080020be   0x00000008   Code   RO           76    .text.SysTick_Handler  stm32f0xx_it.o
    0x080020c6   0x080020c6   0x00000082   Code   RO           43    .text.SystemClock_Config  main.o
    0x08002148   0x08002148   0x00000058   Code   RO           11    .text.SystemInit    system_stm32f0xx.o
    0x080021a0   0x080021a0   0x000000ac   Code   RO          777    .text.TIM_Base_SetConfig  stm32f0xx_hal_tim.o
    0x0800224c   0x0800224c   0x000000d2   Code   RO         1096    .text.UART_AdvFeatureConfig  stm32f0xx_hal_uart.o
    0x0800231e   0x0800231e   0x00000002   PAD
    0x08002320   0x08002320   0x000000c4   Code   RO         1100    .text.UART_CheckIdleState  stm32f0xx_hal_uart.o
    0x080023e4   0x080023e4   0x00000150   Code   RO         1098    .text.UART_SetConfig  stm32f0xx_hal_uart.o
    0x08002534   0x08002534   0x0000013e   Code   RO         1114    .text.UART_WaitOnFlagUntilTimeout  stm32f0xx_hal_uart.o
    0x08002672   0x08002672   0x00000002   PAD
    0x08002674   0x08002674   0x00000474   Code   RO           41    .text.main          main.o
    0x08002ae8   0x08002ae8   0x0000011c   Code   RO           26    .text.set_pwm       helpers.o
    0x08002c04   0x08002c04   0x0000010c   Code   RO           28    .text.timer_init    helpers.o
    0x08002d10   0x08002d10   0x000001f6   Code   RO         1260    .text_divfast       c_p.l(aeabi_sdivfast.o)
    0x08002f06   0x08002f06   0x00000010   Data   RO           16    .rodata.AHBPrescTable  system_stm32f0xx.o
    0x08002f16   0x08002f16   0x00000008   Data   RO           17    .rodata.APBPrescTable  system_stm32f0xx.o
    0x08002f1e   0x08002f1e   0x00000020   Data   RO          149    .rodata.cst16       stm32f0xx_hal_rcc.o
    0x08002f3e   0x08002f3e   0x00000002   PAD
    0x08002f40   0x08002f40   0x00000020   Data   RO         1445    Region$$Table       anon$$obj.o


    Execution Region RW_IRAM1 (Exec base: 0x20000000, Load base: 0x08002f60, Size: 0x00000978, Max: 0x00001800, ABSOLUTE)

    Exec Addr    Load Addr    Size         Type   Attr      Idx    E Section Name        Object

    0x20000000   0x08002f60   0x00000004   Data   RW           15    .data.SystemCoreClock  system_stm32f0xx.o
    0x20000004   0x08002f64   0x00000001   Data   RW          237    .data.uwTickFreq    stm32f0xx_hal.o
    0x20000005   0x08002f65   0x00000003   PAD
    0x20000008   0x08002f68   0x00000004   Data   RW          236    .data.uwTickPrio    stm32f0xx_hal.o
    0x2000000c   0x08002f6c   0x00000004   PAD
    0x20000010        -       0x00000060   Zero   RW         1309    .bss                c_p.l(libspace.o)
    0x20000070        -       0x00000044   Zero   RW           52    .bss.hdma_spi1_rx   main.o
    0x200000b4        -       0x00000010   Zero   RW           50    .bss.hiwdg          main.o
    0x200000c4        -       0x00000064   Zero   RW           51    .bss.hspi1          main.o
    0x20000128        -       0x00000048   Zero   RW           53    .bss.htim1          main.o
    0x20000170        -       0x00000048   Zero   RW           56    .bss.htim14         main.o
    0x200001b8        -       0x00000048   Zero   RW           57    .bss.htim16         main.o
    0x20000200        -       0x00000048   Zero   RW           58    .bss.htim17         main.o
    0x20000248        -       0x00000048   Zero   RW           54    .bss.htim2          main.o
    0x20000290        -       0x00000048   Zero   RW           55    .bss.htim3          main.o
    0x200002d8        -       0x00000088   Zero   RW           49    .bss.huart1         main.o
    0x20000360        -       0x00000010   Zero   RW           30    .bss.spi_recv_buf   helpers.o
    0x20000370        -       0x00000004   Zero   RW          238    .bss.uwTick         stm32f0xx_hal.o
    0x20000374   0x08002f6c   0x00000004   PAD
    0x20000378        -       0x00000200   Zero   RW            2    HEAP                startup_stm32f042x6.o
    0x20000578        -       0x00000400   Zero   RW            1    STACK               startup_stm32f042x6.o


==============================================================================

Image component sizes


      Code (inc. data)   RO Data    RW Data    ZI Data      Debug   Object Name

       552         36          0          0         16       2214   helpers.o
      1332         72          0          0        752      14988   main.o
       116         56        192          0       1536        676   startup_stm32f042x6.o
       156         12          0          5          4       5377   stm32f0xx_hal.o
       184         32          0          0          0       5496   stm32f0xx_hal_cortex.o
       464         12          0          0          0       7778   stm32f0xx_hal_dma.o
       418         16          0          0          0       4877   stm32f0xx_hal_gpio.o
       112         12          0          0          0       1793   stm32f0xx_hal_iwdg.o
       724         72          0          0          0       9298   stm32f0xx_hal_msp.o
      1604         52         32          0          0       8204   stm32f0xx_hal_rcc.o
       300         12          0          0          0       6571   stm32f0xx_hal_rcc_ex.o
      1844         36          0          0          0      24597   stm32f0xx_hal_spi.o
      1546         76          0          0          0      63505   stm32f0xx_hal_tim.o
       310          0          0          0          0      23320   stm32f0xx_hal_tim_ex.o
      1178         64          0          0          0      39773   stm32f0xx_hal_uart.o
        32          4          0          0          0       1133   stm32f0xx_it.o
        88         12         24          4          0       1760   system_stm32f0xx.o

    ----------------------------------------------------------------------
     10980        576        282         12       2316     221360   Object Totals
         0          0         32          0          0          0   (incl. Generated)
        20          0          2          3          8          0   (incl. Padding)

    ----------------------------------------------------------------------

      Code (inc. data)   RO Data    RW Data    ZI Data      Debug   Library Member Name

         8          0          0          0          0         68   __main.o
         0          0          0          0          0          0   __rtentry.o
        12          0          0          0          0          0   __rtentry2.o
         6          0          0          0          0          0   __rtentry4.o
        86         10          0          0          0          0   __scatter.o
        26          0          0          0          0          0   __scatter_copy.o
        28          0          0          0          0          0   __scatter_zi.o
       502          0          0          0          0         92   aeabi_sdivfast.o
        16          0          0          0          0         68   exit.o
         6          0          0          0          0        136   heapauxi.o
         0          0          0          0          0          0   indicate_semi.o
         2          0          0          0          0          0   libinit.o
         2          0          0          0          0          0   libinit2.o
         2          0          0          0          0          0   libshutdown.o
         2          0          0          0          0          0   libshutdown2.o
         8          4          0          0         96         68   libspace.o
        64          0          0          0          0        108   rt_memclr.o
         2          0          0          0          0          0   rtexit.o
        10          0          0          0          0          0   rtexit2.o
        12          4          0          0          0         60   sys_exit.o
        62          0          0          0          0         80   sys_stackheap_outer.o
         2          0          0          0          0         68   use_no_semi.o

    ----------------------------------------------------------------------
       866         18          0          0         96        748   Library Totals
         8          0          0          0          0          0   (incl. Padding)

    ----------------------------------------------------------------------

      Code (inc. data)   RO Data    RW Data    ZI Data      Debug   Library Name

       858         18          0          0         96        748   c_p.l

    ----------------------------------------------------------------------
       866         18          0          0         96        748   Library Totals

    ----------------------------------------------------------------------

==============================================================================


      Code (inc. data)   RO Data    RW Data    ZI Data      Debug   

     11846        594        282         12       2412     221688   Grand Totals
     11846        594        282         12       2412     221688   ELF Image Totals
     11846        594        282         12          0          0   ROM Totals

==============================================================================

    Total RO  Size (Code + RO Data)                12128 (  11.84kB)
    Total RW  Size (RW Data + ZI Data)              2424 (   2.37kB)
    Total ROM Size (Code + RO Data + RW Data)      12140 (  11.86kB)

==============================================================================

